
Memory Configuration

Name             Origin             Length             Attributes
FLASH            0x08000000         0x00080000         xr
RESULT           0x20000000         0x00000004         xrw
SRAM             0x20000004         0x0001fffc         xrw
*default*        0x00000000         0xffffffff

Linker script and memory map


.text           0x08000000      0xea4
 *(.isr_vector)
 .isr_vector    0x08000000      0x1c0 ../output/GPIO_001/lvq_startup_stm32f446.o
                0x08000000                vectors
 *(.text)
 .text          0x080001c0      0x624 ../output/GPIO_001/lvq_stm32f4_gpio.o
                0x080001c0                LVQ_GPIO_Init
                0x08000206                LVQ_GPIO_InitAlternate
                0x080002ae                LVQ_GPIO_EnableClock
                0x08000364                LVQ_GPIO_Config
                0x08000474                LVQ_GPIO_DeInit
                0x080004f4                LVQ_GPIO_SetPinAsInput
                0x08000544                LVQ_GPIO_SetPinAsOutput
                0x080005a0                LVQ_GPIO_SetPinAsAnalog
                0x080005ee                LVQ_GPIO_SetPinAsAlternate
                0x0800064e                LVQ_GPIO_SetPullResistor
                0x080006b2                LVQ_GPIO_Lock
                0x080006ea                LVQ_GPIO_GetPinSource
                0x08000718                LVQ_GPIO_GetPortSource
                0x08000738                LVQ_GPIO_INT_EnableClock
                0x08000768                LVQ_GPIO_INT_DisableClock
                0x08000798                LVQ_GPIO_GetUsedPins
                0x080007bc                LVQ_GPIO_GetFreePins
 .text          0x080007e4        0xa ../output/GPIO_001/GPIO_TS_001.o
                0x080007e4                main
 *fill*         0x080007ee        0x2 
 .text          0x080007f0       0x58 ../output/GPIO_001/GPIO_TC_001.o
                0x080007f0                delay
                0x0800081c                gpio_TC_001
 .text          0x08000848       0xb0 ../output/GPIO_001/lvq_stm32f4_rccConfig.o
                0x08000848                SysClockConfig
 .text          0x080008f8       0x2c ../output/GPIO_001/result.o
                0x080008f8                CHECK_RESULT
 .text          0x08000924      0x574 ../output/GPIO_001/lvq_startup_stm32f446.o
                0x08000924                _write
                0x0800096c                Delay
                0x0800098c                Reset_Handler
                0x08000a10                Default_Handler
                0x08000a16                NMI_Handler
                0x08000a1c                HardFault_Handler
                0x08000a30                MemManage_Handler
                0x08000a36                BusFault_Handler
                0x08000a3c                UsageFault_Handler
                0x08000a42                SVC_Handler
                0x08000a48                DebugMon_Handler
                0x08000a4e                PendSV_Handler
                0x08000a54                SysTick_Handler
                0x08000a60                WWDG_IRQHandler
                0x08000a6c                PVD_IRQHandler
                0x08000a78                TAMP_STAMP_IRQHandler
                0x08000a84                RTC_WKUP_IRQHandler
                0x08000a90                FLASH_IRQHandler
                0x08000a9c                RCC_IRQHandler
                0x08000aa8                EXTI0_IRQHandler
                0x08000ab4                EXTI1_IRQHandler
                0x08000ac0                EXTI2_IRQHandler
                0x08000acc                EXTI3_IRQHandler
                0x08000ad8                EXTI4_IRQHandler
                0x08000ae4                DMA1_Stream0_IRQHandler
                0x08000af0                DMA1_Stream1_IRQHandler
                0x08000afc                DMA1_Stream2_IRQHandler
                0x08000b08                DMA1_Stream3_IRQHandler
                0x08000b14                DMA1_Stream4_IRQHandler
                0x08000b20                DMA1_Stream5_IRQHandler
                0x08000b2c                DMA1_Stream6_IRQHandler
                0x08000b38                ADC_IRQHandler
                0x08000b44                CAN1_TX_IRQHandler
                0x08000b50                CAN1_RX0_IRQHandler
                0x08000b5c                CAN1_RX1_IRQHandler
                0x08000b68                CAN1_SCE_IRQHandler
                0x08000b74                EXTI9_5_IRQHandler
                0x08000b80                TIM1_BRK_TIM9_IRQHandler
                0x08000b8c                TIM1_UP_TIM10_IRQHandler
                0x08000b98                TIM1_TRG_COM_TIM11_IRQHandler
                0x08000ba4                TIM1_CC_IRQHandler
                0x08000bb0                TIM2_IRQHandler
                0x08000bbc                TIM3_IRQHandler
                0x08000bc8                TIM4_IRQHandler
                0x08000bd4                I2C1_EV_IRQHandler
                0x08000be0                I2C1_ER_IRQHandler
                0x08000bec                I2C2_EV_IRQHandler
                0x08000bf8                I2C2_ER_IRQHandler
                0x08000c04                SPI1_IRQHandler
                0x08000c10                SPI2_IRQHandler
                0x08000c1c                USART1_IRQHandler
                0x08000c28                USART2_IRQHandler
                0x08000c34                USART3_IRQHandler
                0x08000c40                EXTI15_10_IRQHandler
                0x08000c4c                RTC_Alarm_IRQHandler
                0x08000c58                OTG_FS_WKUP_IRQHandler
                0x08000c64                TIM8_BRK_TIM12_IRQHandler
                0x08000c70                TIM8_UP_TIM13_IRQHandler
                0x08000c7c                TIM8_TRG_COM_TIM14_IRQHandler
                0x08000c88                TIM8_CC_IRQHandler
                0x08000c94                DMA1_Stream7_IRQHandler
                0x08000ca0                FMC_IRQHandler
                0x08000cac                SDIO_IRQHandler
                0x08000cb8                TIM5_IRQHandler
                0x08000cc4                SPI3_IRQHandler
                0x08000cd0                UART4_IRQHandler
                0x08000cdc                UART5_IRQHandler
                0x08000ce8                TIM6_DAC_IRQHandler
                0x08000cf4                TIM7_IRQHandler
                0x08000d00                DMA2_Stream0_IRQHandler
                0x08000d0c                DMA2_Stream1_IRQHandler
                0x08000d18                DMA2_Stream2_IRQHandler
                0x08000d24                DMA2_Stream3_IRQHandler
                0x08000d30                DMA2_Stream4_IRQHandler
                0x08000d3c                ETH_IRQHandler
                0x08000d48                ETH_WKUP_IRQHandler
                0x08000d54                CAN2_TX_IRQHandler
                0x08000d60                CAN2_RX0_IRQHandler
                0x08000d6c                CAN2_RX1_IRQHandler
                0x08000d78                CAN2_SCE_IRQHandler
                0x08000d84                OTG_FS_IRQHandler
                0x08000d90                DMA2_Stream5_IRQHandler
                0x08000d9c                DMA2_Stream6_IRQHandler
                0x08000da8                DMA2_Stream7_IRQHandler
                0x08000db4                USART6_IRQHandler
                0x08000dc0                I2C3_EV_IRQHandler
                0x08000dcc                I2C3_ER_IRQHandler
                0x08000dd8                OTG_HS_EP1_OUT_IRQHandler
                0x08000de4                OTG_HS_EP1_IN_IRQHandler
                0x08000df0                OTG_HS_WKUP_IRQHandler
                0x08000dfc                OTG_HS_IRQHandler
                0x08000e08                DCMI_IRQHandler
                0x08000e14                CRYP_IRQHandler
                0x08000e20                HASH_RNG_IRQHandler
                0x08000e2c                FPU_IRQHandler
                0x08000e38                SPI4_IRQHandler
                0x08000e44                SAI1_IRQHandler
                0x08000e50                SAI2_IRQHandler
                0x08000e5c                QUADSPI_IRQHandler
                0x08000e68                CEC_IRQHandler
                0x08000e74                SPDIF_RX_IRQHandler
                0x08000e80                FMPI2C1_Event_IRQHandler
                0x08000e8c                FMPI2C1_Error_IRQHandler
 *(.rodata)
 .rodata        0x08000e98        0xc ../output/GPIO_001/lvq_startup_stm32f446.o
                0x08000ea4                . = ALIGN (0x4)
                0x08000ea4                _etext = .
                0x08000ea4                _la_data = LOADADDR (.data)

.glue_7         0x08000ea4        0x0
 .glue_7        0x08000ea4        0x0 linker stubs

.glue_7t        0x08000ea4        0x0
 .glue_7t       0x08000ea4        0x0 linker stubs

.vfp11_veneer   0x08000ea4        0x0
 .vfp11_veneer  0x08000ea4        0x0 linker stubs

.v4_bx          0x08000ea4        0x0
 .v4_bx         0x08000ea4        0x0 linker stubs

.iplt           0x08000ea4        0x0
 .iplt          0x08000ea4        0x0 ../output/GPIO_001/lvq_stm32f4_gpio.o

.rel.dyn        0x08000ea4        0x0
 .rel.iplt      0x08000ea4        0x0 ../output/GPIO_001/lvq_stm32f4_gpio.o

.data           0x20000004        0x0 load address 0x08000ea4
                0x20000004                _sdata = .
 *(.data)
 .data          0x20000004        0x0 ../output/GPIO_001/lvq_stm32f4_gpio.o
 .data          0x20000004        0x0 ../output/GPIO_001/GPIO_TS_001.o
 .data          0x20000004        0x0 ../output/GPIO_001/GPIO_TC_001.o
 .data          0x20000004        0x0 ../output/GPIO_001/lvq_stm32f4_rccConfig.o
 .data          0x20000004        0x0 ../output/GPIO_001/result.o
 .data          0x20000004        0x0 ../output/GPIO_001/lvq_startup_stm32f446.o
                0x20000004                . = ALIGN (0x4)
                0x20000004                _edata = .

.igot.plt       0x20000004        0x0 load address 0x08000ea4
 .igot.plt      0x20000004        0x0 ../output/GPIO_001/lvq_stm32f4_gpio.o

.bss            0x20000004       0x18 load address 0x08000ea4
                0x20000004                _sbss = .
 *(.bss)
 .bss           0x20000004       0x16 ../output/GPIO_001/lvq_stm32f4_gpio.o
 .bss           0x2000001a        0x0 ../output/GPIO_001/GPIO_TS_001.o
 .bss           0x2000001a        0x0 ../output/GPIO_001/GPIO_TC_001.o
 .bss           0x2000001a        0x0 ../output/GPIO_001/lvq_stm32f4_rccConfig.o
 .bss           0x2000001a        0x0 ../output/GPIO_001/result.o
 .bss           0x2000001a        0x0 ../output/GPIO_001/lvq_startup_stm32f446.o
                0x2000001c                . = ALIGN (0x4)
 *fill*         0x2000001a        0x2 
                0x2000001c                _ebss = .

.result         0x20000000        0x4
 *(.result)
 .result        0x20000000        0x4 ../output/GPIO_001/result.o
                0x20000000                u32RESULT
                0x20020000                _estack = (ORIGIN (SRAM) + LENGTH (SRAM))
LOAD ../output/GPIO_001/lvq_stm32f4_gpio.o
LOAD ../output/GPIO_001/GPIO_TS_001.o
LOAD ../output/GPIO_001/GPIO_TC_001.o
LOAD ../output/GPIO_001/lvq_stm32f4_rccConfig.o
LOAD ../output/GPIO_001/result.o
LOAD ../output/GPIO_001/lvq_startup_stm32f446.o
OUTPUT(../output/GPIO_001/GPIO.elf elf32-littlearm)
LOAD linker stubs

.debug_info     0x00000000     0x18d8
 .debug_info    0x00000000      0x8e0 ../output/GPIO_001/lvq_stm32f4_gpio.o
 .debug_info    0x000008e0       0x43 ../output/GPIO_001/GPIO_TS_001.o
 .debug_info    0x00000923      0x220 ../output/GPIO_001/GPIO_TC_001.o
 .debug_info    0x00000b43      0x349 ../output/GPIO_001/lvq_stm32f4_rccConfig.o
 .debug_info    0x00000e8c       0x6c ../output/GPIO_001/result.o
 .debug_info    0x00000ef8      0x9e0 ../output/GPIO_001/lvq_startup_stm32f446.o

.debug_abbrev   0x00000000      0x559
 .debug_abbrev  0x00000000      0x178 ../output/GPIO_001/lvq_stm32f4_gpio.o
 .debug_abbrev  0x00000178       0x3b ../output/GPIO_001/GPIO_TS_001.o
 .debug_abbrev  0x000001b3       0xfc ../output/GPIO_001/GPIO_TC_001.o
 .debug_abbrev  0x000002af       0xac ../output/GPIO_001/lvq_stm32f4_rccConfig.o
 .debug_abbrev  0x0000035b       0x5d ../output/GPIO_001/result.o
 .debug_abbrev  0x000003b8      0x1a1 ../output/GPIO_001/lvq_startup_stm32f446.o

.debug_aranges  0x00000000       0xc0
 .debug_aranges
                0x00000000       0x20 ../output/GPIO_001/lvq_stm32f4_gpio.o
 .debug_aranges
                0x00000020       0x20 ../output/GPIO_001/GPIO_TS_001.o
 .debug_aranges
                0x00000040       0x20 ../output/GPIO_001/GPIO_TC_001.o
 .debug_aranges
                0x00000060       0x20 ../output/GPIO_001/lvq_stm32f4_rccConfig.o
 .debug_aranges
                0x00000080       0x20 ../output/GPIO_001/result.o
 .debug_aranges
                0x000000a0       0x20 ../output/GPIO_001/lvq_startup_stm32f446.o

.debug_line     0x00000000      0xc90
 .debug_line    0x00000000      0x487 ../output/GPIO_001/lvq_stm32f4_gpio.o
 .debug_line    0x00000487       0x76 ../output/GPIO_001/GPIO_TS_001.o
 .debug_line    0x000004fd      0x177 ../output/GPIO_001/GPIO_TC_001.o
 .debug_line    0x00000674      0x17e ../output/GPIO_001/lvq_stm32f4_rccConfig.o
 .debug_line    0x000007f2       0x4a ../output/GPIO_001/result.o
 .debug_line    0x0000083c      0x454 ../output/GPIO_001/lvq_startup_stm32f446.o

.debug_str      0x00000000      0xec4
 .debug_str     0x00000000      0x583 ../output/GPIO_001/lvq_stm32f4_gpio.o
                                0x5e0 (size before relaxing)
 .debug_str     0x00000583       0x40 ../output/GPIO_001/GPIO_TS_001.o
                                 0xe5 (size before relaxing)
 .debug_str     0x000005c3       0x58 ../output/GPIO_001/GPIO_TC_001.o
                                0x2d3 (size before relaxing)
 .debug_str     0x0000061b       0x5c ../output/GPIO_001/lvq_stm32f4_rccConfig.o
                                0x2bf (size before relaxing)
 .debug_str     0x00000677       0x26 ../output/GPIO_001/result.o
                                 0xcb (size before relaxing)
 .debug_str     0x0000069d      0x827 ../output/GPIO_001/lvq_startup_stm32f446.o
                                0x987 (size before relaxing)

.comment        0x00000000       0x49
 .comment       0x00000000       0x49 ../output/GPIO_001/lvq_stm32f4_gpio.o
                                 0x4a (size before relaxing)
 .comment       0x00000049       0x4a ../output/GPIO_001/GPIO_TS_001.o
 .comment       0x00000049       0x4a ../output/GPIO_001/GPIO_TC_001.o
 .comment       0x00000049       0x4a ../output/GPIO_001/lvq_stm32f4_rccConfig.o
 .comment       0x00000049       0x4a ../output/GPIO_001/result.o
 .comment       0x00000049       0x4a ../output/GPIO_001/lvq_startup_stm32f446.o

.ARM.attributes
                0x00000000       0x2e
 .ARM.attributes
                0x00000000       0x2e ../output/GPIO_001/lvq_stm32f4_gpio.o
 .ARM.attributes
                0x0000002e       0x2e ../output/GPIO_001/GPIO_TS_001.o
 .ARM.attributes
                0x0000005c       0x2e ../output/GPIO_001/GPIO_TC_001.o
 .ARM.attributes
                0x0000008a       0x2e ../output/GPIO_001/lvq_stm32f4_rccConfig.o
 .ARM.attributes
                0x000000b8       0x2e ../output/GPIO_001/result.o
 .ARM.attributes
                0x000000e6       0x2e ../output/GPIO_001/lvq_startup_stm32f446.o

.debug_frame    0x00000000     0x1048
 .debug_frame   0x00000000      0x298 ../output/GPIO_001/lvq_stm32f4_gpio.o
 .debug_frame   0x00000298       0x2c ../output/GPIO_001/GPIO_TS_001.o
 .debug_frame   0x000002c4       0x5c ../output/GPIO_001/GPIO_TC_001.o
 .debug_frame   0x00000320       0x30 ../output/GPIO_001/lvq_stm32f4_rccConfig.o
 .debug_frame   0x00000350       0x38 ../output/GPIO_001/result.o
 .debug_frame   0x00000388      0xcc0 ../output/GPIO_001/lvq_startup_stm32f446.o
