
Memory Configuration

Name             Origin             Length             Attributes
FLASH            0x08000000         0x00080000         xr
RESULT           0x20000000         0x00000004         xrw
SRAM             0x20000004         0x0001fffc         xrw
*default*        0x00000000         0xffffffff

Linker script and memory map

                0x00000200                _Min_Heap_Size = 0x200
                0x00000400                _Min_Stack_Size = 0x400

.text           0x08000000     0x1720
 *(.isr_vector)
 .isr_vector    0x08000000      0x1c0 ./output/lvq_startup_stm32f446.o
                0x08000000                vectors
 *(.text)
 .text          0x080001c0       0x68 ./output/main.o
                0x080001c0                Delay
                0x080001e0                main
 .text          0x08000228       0x2c ./output/result.o
                0x08000228                CHECK_RESULT
 .text          0x08000254      0x604 ./output/lvq_startup_stm32f446.o
                0x08000254                _write
                0x0800029c                _write_char
                0x080002c8                config
                0x08000358                Reset_Handler
                0x080003e0                Default_Handler
                0x080003e6                NMI_Handler
                0x080003ec                HardFault_Handler
                0x08000400                MemManage_Handler
                0x08000406                BusFault_Handler
                0x0800040c                UsageFault_Handler
                0x08000412                SVC_Handler
                0x08000418                DebugMon_Handler
                0x0800041e                WWDG_IRQHandler
                0x0800042a                PVD_IRQHandler
                0x08000436                TAMP_STAMP_IRQHandler
                0x08000442                RTC_WKUP_IRQHandler
                0x0800044e                FLASH_IRQHandler
                0x0800045a                RCC_IRQHandler
                0x08000466                EXTI0_IRQHandler
                0x08000472                EXTI1_IRQHandler
                0x0800047e                EXTI2_IRQHandler
                0x0800048a                EXTI3_IRQHandler
                0x08000496                EXTI4_IRQHandler
                0x080004a2                DMA1_Stream0_IRQHandler
                0x080004ae                DMA1_Stream1_IRQHandler
                0x080004ba                DMA1_Stream2_IRQHandler
                0x080004c6                DMA1_Stream3_IRQHandler
                0x080004d2                DMA1_Stream4_IRQHandler
                0x080004de                DMA1_Stream5_IRQHandler
                0x080004ea                DMA1_Stream6_IRQHandler
                0x080004f6                ADC_IRQHandler
                0x08000502                CAN1_TX_IRQHandler
                0x0800050e                CAN1_RX0_IRQHandler
                0x0800051a                CAN1_RX1_IRQHandler
                0x08000526                CAN1_SCE_IRQHandler
                0x08000532                EXTI9_5_IRQHandler
                0x0800053e                TIM1_BRK_TIM9_IRQHandler
                0x0800054a                TIM1_UP_TIM10_IRQHandler
                0x08000556                TIM1_TRG_COM_TIM11_IRQHandler
                0x08000562                TIM1_CC_IRQHandler
                0x0800056e                TIM2_IRQHandler
                0x0800057a                TIM3_IRQHandler
                0x08000586                TIM4_IRQHandler
                0x08000592                I2C1_EV_IRQHandler
                0x0800059e                I2C1_ER_IRQHandler
                0x080005aa                I2C2_EV_IRQHandler
                0x080005b6                I2C2_ER_IRQHandler
                0x080005c2                SPI1_IRQHandler
                0x080005ce                SPI2_IRQHandler
                0x080005da                USART1_IRQHandler
                0x080005e6                USART2_IRQHandler
                0x080005f2                USART3_IRQHandler
                0x080005fe                EXTI15_10_IRQHandler
                0x0800060a                RTC_Alarm_IRQHandler
                0x08000616                OTG_FS_WKUP_IRQHandler
                0x08000622                TIM8_BRK_TIM12_IRQHandler
                0x0800062e                TIM8_UP_TIM13_IRQHandler
                0x0800063a                TIM8_TRG_COM_TIM14_IRQHandler
                0x08000646                TIM8_CC_IRQHandler
                0x08000652                DMA1_Stream7_IRQHandler
                0x0800065e                FMC_IRQHandler
                0x0800066a                SDIO_IRQHandler
                0x08000676                TIM5_IRQHandler
                0x08000682                SPI3_IRQHandler
                0x0800068e                UART4_IRQHandler
                0x0800069a                UART5_IRQHandler
                0x080006a6                TIM6_DAC_IRQHandler
                0x080006b2                TIM7_IRQHandler
                0x080006be                DMA2_Stream0_IRQHandler
                0x080006ca                DMA2_Stream1_IRQHandler
                0x080006d6                DMA2_Stream2_IRQHandler
                0x080006e2                DMA2_Stream3_IRQHandler
                0x080006ee                DMA2_Stream4_IRQHandler
                0x080006fa                ETH_IRQHandler
                0x08000706                ETH_WKUP_IRQHandler
                0x08000712                CAN2_TX_IRQHandler
                0x0800071e                CAN2_RX0_IRQHandler
                0x0800072a                CAN2_RX1_IRQHandler
                0x08000736                CAN2_SCE_IRQHandler
                0x08000742                OTG_FS_IRQHandler
                0x0800074e                DMA2_Stream5_IRQHandler
                0x0800075a                DMA2_Stream6_IRQHandler
                0x08000766                DMA2_Stream7_IRQHandler
                0x08000772                USART6_IRQHandler
                0x0800077e                I2C3_EV_IRQHandler
                0x0800078a                I2C3_ER_IRQHandler
                0x08000796                OTG_HS_EP1_OUT_IRQHandler
                0x080007a2                OTG_HS_EP1_IN_IRQHandler
                0x080007ae                OTG_HS_WKUP_IRQHandler
                0x080007ba                OTG_HS_IRQHandler
                0x080007c6                DCMI_IRQHandler
                0x080007d2                CRYP_IRQHandler
                0x080007de                HASH_RNG_IRQHandler
                0x080007ea                FPU_IRQHandler
                0x080007f6                SPI4_IRQHandler
                0x08000802                SAI1_IRQHandler
                0x0800080e                SAI2_IRQHandler
                0x0800081a                QUADSPI_IRQHandler
                0x08000826                CEC_IRQHandler
                0x08000832                SPDIF_RX_IRQHandler
                0x0800083e                FMPI2C1_Event_IRQHandler
                0x0800084a                FMPI2C1_Error_IRQHandler
 .text          0x08000858      0x4ec ./output/lvq_stm32f4_rtos.o
                0x08000858                LVQ_RTOS_Enable_Processor_Faults
                0x08000894                LVQ_RTOS_CaculatorStack
                0x080008e0                LVQ_RTOS_ScheduleStart
                0x08000910                LVQ_RTOS_CreateTask
                0x08000a48                LVQ_Init_Scheduler_Stack
                0x08000a52                LVQ_RTOS_Systick_Timer
                0x08000ab0                LVQ_RTOS_Delay
                0x08000b18                LVQ_Schedule_Task
                0x08000b3c                LVQ_RTOS_SP_To_PSP
                0x08000b56                get_psp_value
                0x08000b80                save_psp_value
                0x08000bb4                update_next_task
                0x08000c48                LVQ_Update_Global_Tick_Count
                0x08000c64                LVQ_Unblock_Tasks
                0x08000ce0                SysTick_Handler
                0x08000d1c                PendSV_Handler
 .text          0x08000d44       0xb0 ./output/lvq_stm32f4_rccConfig.o
                0x08000d44                SysClockConfig
 .text          0x08000df4      0x624 ./output/lvq_stm32f4_gpio.o
                0x08000df4                LVQ_GPIO_Init
                0x08000e3a                LVQ_GPIO_InitAlternate
                0x08000ee2                LVQ_GPIO_EnableClock
                0x08000f98                LVQ_GPIO_Config
                0x080010a8                LVQ_GPIO_DeInit
                0x08001128                LVQ_GPIO_SetPinAsInput
                0x08001178                LVQ_GPIO_SetPinAsOutput
                0x080011d4                LVQ_GPIO_SetPinAsAnalog
                0x08001222                LVQ_GPIO_SetPinAsAlternate
                0x08001282                LVQ_GPIO_SetPullResistor
                0x080012e6                LVQ_GPIO_Lock
                0x0800131e                LVQ_GPIO_GetPinSource
                0x0800134c                LVQ_GPIO_GetPortSource
                0x0800136c                LVQ_GPIO_INT_EnableClock
                0x0800139c                LVQ_GPIO_INT_DisableClock
                0x080013cc                LVQ_GPIO_GetUsedPins
                0x080013f0                LVQ_GPIO_GetFreePins
 .text          0x08001418      0x2f4 ./output/xprintf.o
                0x08001418                xputc
                0x08001450                xprintf
 *(.rodata)
 .rodata        0x0800170c        0x8 ./output/main.o
 .rodata        0x08001714        0xc ./output/lvq_startup_stm32f446.o
                0x08001720                . = ALIGN (0x4)
                0x08001720                _etext = .
                0x08001720                _la_data = LOADADDR (.data)

.glue_7         0x08001720        0x0
 .glue_7        0x08001720        0x0 linker stubs

.glue_7t        0x08001720        0x0
 .glue_7t       0x08001720        0x0 linker stubs

.vfp11_veneer   0x08001720        0x0
 .vfp11_veneer  0x08001720        0x0 linker stubs

.v4_bx          0x08001720        0x0
 .v4_bx         0x08001720        0x0 linker stubs

.iplt           0x08001720        0x0
 .iplt          0x08001720        0x0 ./output/main.o

.rel.dyn        0x08001720        0x0
 .rel.iplt      0x08001720        0x0 ./output/main.o

.data           0x20000004        0x4 load address 0x08001720
                0x20000004                _sdata = .
 *(.data)
 .data          0x20000004        0x0 ./output/main.o
 .data          0x20000004        0x0 ./output/result.o
 .data          0x20000004        0x0 ./output/lvq_startup_stm32f446.o
 .data          0x20000004        0x1 ./output/lvq_stm32f4_rtos.o
                0x20000004                curent_task
 .data          0x20000005        0x0 ./output/lvq_stm32f4_rccConfig.o
 .data          0x20000005        0x0 ./output/lvq_stm32f4_gpio.o
 .data          0x20000005        0x0 ./output/xprintf.o
                0x20000008                . = ALIGN (0x4)
 *fill*         0x20000005        0x3 
                0x20000008                _edata = .

.igot.plt       0x20000008        0x0 load address 0x08001724
 .igot.plt      0x20000008        0x0 ./output/main.o

.debug          0x20000008        0x4 load address 0x08001724
 .debug         0x20000008        0x4 ./output/result.o
                0x20000008                u32DEBUG

.bss            0x2000000c       0xec load address 0x08001728
                0x2000000c                _sbss = .
 *(.bss)
 .bss           0x2000000c        0x0 ./output/main.o
 .bss           0x2000000c        0x0 ./output/result.o
 .bss           0x2000000c        0x0 ./output/lvq_startup_stm32f446.o
 .bss           0x2000000c       0xcd ./output/lvq_stm32f4_rtos.o
                0x2000000c                user_tasks
                0x200000d4                g_tick_count
                0x200000d8                TaskCreate
 .bss           0x200000d9        0x0 ./output/lvq_stm32f4_rccConfig.o
 *fill*         0x200000d9        0x3 
 .bss           0x200000dc       0x16 ./output/lvq_stm32f4_gpio.o
 *fill*         0x200000f2        0x2 
 .bss           0x200000f4        0x4 ./output/xprintf.o
                0x200000f4                xfunc_out
 *(COMMON)
                0x200000f8                . = ALIGN (0x4)
                0x200000f8                _ebss = .

.result         0x20000000        0x4
 *(.result)
 .result        0x20000000        0x4 ./output/result.o
                0x20000000                u32RESULT

._user_heap_stack
                0x200000f8      0x600
                0x200000f8                . = ALIGN (0x8)
                [!provide]                PROVIDE (end = .)
                [!provide]                PROVIDE (_end = .)
                0x200002f8                . = (. + _Min_Heap_Size)
 *fill*         0x200000f8      0x200 
                0x200006f8                . = (. + _Min_Stack_Size)
 *fill*         0x200002f8      0x400 
                0x200006f8                . = ALIGN (0x8)
                0x20020000                _estack = (ORIGIN (SRAM) + LENGTH (SRAM))
LOAD ./output/main.o
LOAD ./output/result.o
LOAD ./output/lvq_startup_stm32f446.o
LOAD ./output/lvq_stm32f4_rtos.o
LOAD ./output/lvq_stm32f4_rccConfig.o
LOAD ./output/lvq_stm32f4_gpio.o
LOAD ./output/xprintf.o
OUTPUT(./output/STM32F446RE_XPRINTF.elf elf32-littlearm)
LOAD linker stubs

.debug_info     0x00000000     0x2335
 .debug_info    0x00000000      0x250 ./output/main.o
 .debug_info    0x00000250       0x7e ./output/result.o
 .debug_info    0x000002ce      0xc7b ./output/lvq_startup_stm32f446.o
 .debug_info    0x00000f49      0x560 ./output/lvq_stm32f4_rtos.o
 .debug_info    0x000014a9      0x349 ./output/lvq_stm32f4_rccConfig.o
 .debug_info    0x000017f2      0x8e0 ./output/lvq_stm32f4_gpio.o
 .debug_info    0x000020d2      0x263 ./output/xprintf.o

.debug_abbrev   0x00000000      0x8ab
 .debug_abbrev  0x00000000      0x121 ./output/main.o
 .debug_abbrev  0x00000121       0x5d ./output/result.o
 .debug_abbrev  0x0000017e      0x1b9 ./output/lvq_startup_stm32f446.o
 .debug_abbrev  0x00000337      0x21a ./output/lvq_stm32f4_rtos.o
 .debug_abbrev  0x00000551       0xac ./output/lvq_stm32f4_rccConfig.o
 .debug_abbrev  0x000005fd      0x178 ./output/lvq_stm32f4_gpio.o
 .debug_abbrev  0x00000775      0x136 ./output/xprintf.o

.debug_aranges  0x00000000       0xe0
 .debug_aranges
                0x00000000       0x20 ./output/main.o
 .debug_aranges
                0x00000020       0x20 ./output/result.o
 .debug_aranges
                0x00000040       0x20 ./output/lvq_startup_stm32f446.o
 .debug_aranges
                0x00000060       0x20 ./output/lvq_stm32f4_rtos.o
 .debug_aranges
                0x00000080       0x20 ./output/lvq_stm32f4_rccConfig.o
 .debug_aranges
                0x000000a0       0x20 ./output/lvq_stm32f4_gpio.o
 .debug_aranges
                0x000000c0       0x20 ./output/xprintf.o

.debug_line     0x00000000     0x1216
 .debug_line    0x00000000      0x165 ./output/main.o
 .debug_line    0x00000165       0x4a ./output/result.o
 .debug_line    0x000001af      0x472 ./output/lvq_startup_stm32f446.o
 .debug_line    0x00000621      0x324 ./output/lvq_stm32f4_rtos.o
 .debug_line    0x00000945      0x183 ./output/lvq_stm32f4_rccConfig.o
 .debug_line    0x00000ac8      0x479 ./output/lvq_stm32f4_gpio.o
 .debug_line    0x00000f41      0x2d5 ./output/xprintf.o

.debug_str      0x00000000     0x11f7
 .debug_str     0x00000000      0x260 ./output/main.o
                                0x2b9 (size before relaxing)
 .debug_str     0x00000260       0x2f ./output/result.o
                                 0xd2 (size before relaxing)
 .debug_str     0x0000028f      0x931 ./output/lvq_startup_stm32f446.o
                                0xac6 (size before relaxing)
 .debug_str     0x00000bc0      0x2fc ./output/lvq_stm32f4_rtos.o
                                0x4a5 (size before relaxing)
 .debug_str     0x00000ebc       0x63 ./output/lvq_stm32f4_rccConfig.o
                                0x2c4 (size before relaxing)
 .debug_str     0x00000f1f      0x227 ./output/lvq_stm32f4_gpio.o
                                0x5d8 (size before relaxing)
 .debug_str     0x00001146       0xb1 ./output/xprintf.o
                                0x230 (size before relaxing)

.comment        0x00000000       0x49
 .comment       0x00000000       0x49 ./output/main.o
                                 0x4a (size before relaxing)
 .comment       0x00000049       0x4a ./output/result.o
 .comment       0x00000049       0x4a ./output/lvq_startup_stm32f446.o
 .comment       0x00000049       0x4a ./output/lvq_stm32f4_rtos.o
 .comment       0x00000049       0x4a ./output/lvq_stm32f4_rccConfig.o
 .comment       0x00000049       0x4a ./output/lvq_stm32f4_gpio.o
 .comment       0x00000049       0x4a ./output/xprintf.o

.ARM.attributes
                0x00000000       0x2e
 .ARM.attributes
                0x00000000       0x2e ./output/main.o
 .ARM.attributes
                0x0000002e       0x2e ./output/result.o
 .ARM.attributes
                0x0000005c       0x2e ./output/lvq_startup_stm32f446.o
 .ARM.attributes
                0x0000008a       0x2e ./output/lvq_stm32f4_rtos.o
 .ARM.attributes
                0x000000b8       0x2e ./output/lvq_stm32f4_rccConfig.o
 .ARM.attributes
                0x000000e6       0x2e ./output/lvq_stm32f4_gpio.o
 .ARM.attributes
                0x00000114       0x2e ./output/xprintf.o

.debug_frame    0x00000000     0x1288
 .debug_frame   0x00000000       0x58 ./output/main.o
 .debug_frame   0x00000058       0x38 ./output/result.o
 .debug_frame   0x00000090      0xca8 ./output/lvq_startup_stm32f446.o
 .debug_frame   0x00000d38      0x218 ./output/lvq_stm32f4_rtos.o
 .debug_frame   0x00000f50       0x30 ./output/lvq_stm32f4_rccConfig.o
 .debug_frame   0x00000f80      0x298 ./output/lvq_stm32f4_gpio.o
 .debug_frame   0x00001218       0x70 ./output/xprintf.o
