
Memory Configuration

Name             Origin             Length             Attributes
FLASH            0x08000000         0x00080000         xr
RESULT           0x20000000         0x00000004         xrw
SRAM             0x20000004         0x0001fffc         xrw
*default*        0x00000000         0xffffffff

Linker script and memory map


.text           0x08000000     0x18f0
 *(.isr_vector)
 .isr_vector    0x08000000      0x1c0 ./output/main.o
                0x08000000                vectors
 *(.text)
 .text          0x080001c0      0x13c ./output/Run.o
                0x080001c0                _write
                0x08000208                Delay
                0x08000228                Loop
                0x080002bc                LVQ_EXTI_Handler
 .text          0x080002fc      0x56c ./output/main.o
                0x080002fc                CHECK_RESULT
                0x08000328                main
                0x080003bc                Reset_Handler
                0x08000440                Default_Handler
                0x08000446                NMI_Handler
                0x0800044c                HardFault_Handler
                0x08000452                MemManage_Handler
                0x08000458                BusFault_Handler
                0x0800045e                UsageFault_Handler
                0x08000464                SVC_Handler
                0x0800046a                DebugMon_Handler
                0x08000470                PendSV_Handler
                0x08000476                SysTick_Handler
                0x08000482                WWDG_IRQHandler
                0x0800048e                PVD_IRQHandler
                0x0800049a                TAMP_STAMP_IRQHandler
                0x080004a6                RTC_WKUP_IRQHandler
                0x080004b2                FLASH_IRQHandler
                0x080004be                RCC_IRQHandler
                0x080004ca                DMA1_Stream0_IRQHandler
                0x080004d6                DMA1_Stream1_IRQHandler
                0x080004e2                DMA1_Stream2_IRQHandler
                0x080004ee                DMA1_Stream3_IRQHandler
                0x080004fa                DMA1_Stream4_IRQHandler
                0x08000506                DMA1_Stream5_IRQHandler
                0x08000512                DMA1_Stream6_IRQHandler
                0x0800051e                ADC_IRQHandler
                0x0800052a                CAN1_TX_IRQHandler
                0x08000536                CAN1_RX0_IRQHandler
                0x08000542                CAN1_RX1_IRQHandler
                0x0800054e                CAN1_SCE_IRQHandler
                0x0800055a                TIM1_BRK_TIM9_IRQHandler
                0x08000566                TIM1_UP_TIM10_IRQHandler
                0x08000572                TIM1_TRG_COM_TIM11_IRQHandler
                0x0800057e                TIM1_CC_IRQHandler
                0x0800058a                TIM2_IRQHandler
                0x08000596                TIM3_IRQHandler
                0x080005a2                TIM4_IRQHandler
                0x080005ae                I2C1_EV_IRQHandler
                0x080005ba                I2C1_ER_IRQHandler
                0x080005c6                I2C2_EV_IRQHandler
                0x080005d2                I2C2_ER_IRQHandler
                0x080005de                SPI1_IRQHandler
                0x080005ea                SPI2_IRQHandler
                0x080005f6                USART1_IRQHandler
                0x08000602                USART2_IRQHandler
                0x0800060e                USART3_IRQHandler
                0x0800061a                RTC_Alarm_IRQHandler
                0x08000626                OTG_FS_WKUP_IRQHandler
                0x08000632                TIM8_BRK_TIM12_IRQHandler
                0x0800063e                TIM8_UP_TIM13_IRQHandler
                0x0800064a                TIM8_TRG_COM_TIM14_IRQHandler
                0x08000656                TIM8_CC_IRQHandler
                0x08000662                DMA1_Stream7_IRQHandler
                0x0800066e                FMC_IRQHandler
                0x0800067a                SDIO_IRQHandler
                0x08000686                TIM5_IRQHandler
                0x08000692                SPI3_IRQHandler
                0x0800069e                UART4_IRQHandler
                0x080006aa                UART5_IRQHandler
                0x080006b6                TIM6_DAC_IRQHandler
                0x080006c2                TIM7_IRQHandler
                0x080006ce                DMA2_Stream0_IRQHandler
                0x080006da                DMA2_Stream1_IRQHandler
                0x080006e6                DMA2_Stream2_IRQHandler
                0x080006f2                DMA2_Stream3_IRQHandler
                0x080006fe                DMA2_Stream4_IRQHandler
                0x0800070a                ETH_IRQHandler
                0x08000716                ETH_WKUP_IRQHandler
                0x08000722                CAN2_TX_IRQHandler
                0x0800072e                CAN2_RX0_IRQHandler
                0x0800073a                CAN2_RX1_IRQHandler
                0x08000746                CAN2_SCE_IRQHandler
                0x08000752                OTG_FS_IRQHandler
                0x0800075e                DMA2_Stream5_IRQHandler
                0x0800076a                DMA2_Stream6_IRQHandler
                0x08000776                DMA2_Stream7_IRQHandler
                0x08000782                USART6_IRQHandler
                0x0800078e                I2C3_EV_IRQHandler
                0x0800079a                I2C3_ER_IRQHandler
                0x080007a6                OTG_HS_EP1_OUT_IRQHandler
                0x080007b2                OTG_HS_EP1_IN_IRQHandler
                0x080007be                OTG_HS_WKUP_IRQHandler
                0x080007ca                OTG_HS_IRQHandler
                0x080007d6                DCMI_IRQHandler
                0x080007e2                CRYP_IRQHandler
                0x080007ee                HASH_RNG_IRQHandler
                0x080007fa                FPU_IRQHandler
                0x08000806                SPI4_IRQHandler
                0x08000812                SAI1_IRQHandler
                0x0800081e                SAI2_IRQHandler
                0x0800082a                QUADSPI_IRQHandler
                0x08000836                CEC_IRQHandler
                0x08000842                SPDIF_RX_IRQHandler
                0x0800084e                FMPI2C1_Event_IRQHandler
                0x0800085a                FMPI2C1_Error_IRQHandler
 .text          0x08000868       0xb0 ./output/lvq_stm32f4_rccConfig.o
                0x08000868                SysClockConfig
 .text          0x08000918      0x6a4 ./output/lvq_stm32f4_exti.o
                0x08000918                LVQ_EXTI_Init
                0x08000cbc                LVQ_EXTI_Detach
                0x08000d18                LVQ_EXTI_DeInit
                0x08000d64                LVQ_EXTI_Handler_Set_CallBack
                0x08000d80                EXTI0_IRQHandler
                0x08000dac                EXTI1_IRQHandler
                0x08000dd8                EXTI2_IRQHandler
                0x08000e04                EXTI3_IRQHandler
                0x08000e30                EXTI4_IRQHandler
                0x08000e5c                EXTI9_5_IRQHandler
                0x08000ef8                EXTI15_10_IRQHandler
 .text          0x08000fbc      0x624 ./output/lvq_stm32f4_gpio.o
                0x08000fbc                LVQ_GPIO_Init
                0x08001002                LVQ_GPIO_InitAlternate
                0x080010aa                LVQ_GPIO_EnableClock
                0x08001160                LVQ_GPIO_Config
                0x08001270                LVQ_GPIO_DeInit
                0x080012f0                LVQ_GPIO_SetPinAsInput
                0x08001340                LVQ_GPIO_SetPinAsOutput
                0x0800139c                LVQ_GPIO_SetPinAsAnalog
                0x080013ea                LVQ_GPIO_SetPinAsAlternate
                0x0800144a                LVQ_GPIO_SetPullResistor
                0x080014ae                LVQ_GPIO_Lock
                0x080014e6                LVQ_GPIO_GetPinSource
                0x08001514                LVQ_GPIO_GetPortSource
                0x08001534                LVQ_GPIO_INT_EnableClock
                0x08001564                LVQ_GPIO_INT_DisableClock
                0x08001594                LVQ_GPIO_GetUsedPins
                0x080015b8                LVQ_GPIO_GetFreePins
 .text          0x080015e0      0x2f4 ./output/xprintf.o
                0x080015e0                xputc
                0x08001618                xprintf
 *(.rodata)
 .rodata        0x080018d4       0x1b ./output/Run.o
                0x080018f0                . = ALIGN (0x4)
 *fill*         0x080018ef        0x1 
                0x080018f0                _etext = .
                0x080018f0                _la_data = LOADADDR (.data)

.glue_7         0x080018f0        0x0
 .glue_7        0x080018f0        0x0 linker stubs

.glue_7t        0x080018f0        0x0
 .glue_7t       0x080018f0        0x0 linker stubs

.vfp11_veneer   0x080018f0        0x0
 .vfp11_veneer  0x080018f0        0x0 linker stubs

.v4_bx          0x080018f0        0x0
 .v4_bx         0x080018f0        0x0 linker stubs

.iplt           0x080018f0        0x0
 .iplt          0x080018f0        0x0 ./output/Run.o

.rel.dyn        0x080018f0        0x0
 .rel.iplt      0x080018f0        0x0 ./output/Run.o

.data           0x20000004        0x0 load address 0x080018f0
                0x20000004                _sdata = .
 *(.data)
 .data          0x20000004        0x0 ./output/Run.o
 .data          0x20000004        0x0 ./output/main.o
 .data          0x20000004        0x0 ./output/lvq_stm32f4_rccConfig.o
 .data          0x20000004        0x0 ./output/lvq_stm32f4_exti.o
 .data          0x20000004        0x0 ./output/lvq_stm32f4_gpio.o
 .data          0x20000004        0x0 ./output/xprintf.o
                0x20000004                . = ALIGN (0x4)
                0x20000004                _edata = .

.igot.plt       0x20000004        0x0 load address 0x080018f0
 .igot.plt      0x20000004        0x0 ./output/Run.o

.bss            0x20000004       0x20 load address 0x080018f0
                0x20000004                _sbss = .
 *(.bss)
 .bss           0x20000004        0x0 ./output/Run.o
 .bss           0x20000004        0x0 ./output/main.o
 .bss           0x20000004        0x0 ./output/lvq_stm32f4_rccConfig.o
 .bss           0x20000004        0x4 ./output/lvq_stm32f4_exti.o
                0x20000004                LVQ_EXTI_Handler_CallBack
 .bss           0x20000008       0x16 ./output/lvq_stm32f4_gpio.o
 *fill*         0x2000001e        0x2 
 .bss           0x20000020        0x4 ./output/xprintf.o
                0x20000020                xfunc_out
                0x20000024                . = ALIGN (0x4)
                0x20000024                _ebss = .

.result         0x20000000        0x4
 *(.result)
 .result        0x20000000        0x4 ./output/main.o
                0x20000000                u32RESULT
                0x20020000                _estack = (ORIGIN (SRAM) + LENGTH (SRAM))
LOAD ./output/Run.o
LOAD ./output/main.o
LOAD ./output/lvq_stm32f4_rccConfig.o
LOAD ./output/lvq_stm32f4_exti.o
LOAD ./output/lvq_stm32f4_gpio.o
LOAD ./output/xprintf.o
OUTPUT(./output/01-STM32F446RE_XPRINTF.elf elf32-littlearm)
LOAD linker stubs

.debug_info     0x00000000     0x2a24
 .debug_info    0x00000000      0x33d ./output/Run.o
 .debug_info    0x0000033d      0xbf1 ./output/main.o
 .debug_info    0x00000f2e      0x349 ./output/lvq_stm32f4_rccConfig.o
 .debug_info    0x00001277      0xc6a ./output/lvq_stm32f4_exti.o
 .debug_info    0x00001ee1      0x8e0 ./output/lvq_stm32f4_gpio.o
 .debug_info    0x000027c1      0x263 ./output/xprintf.o

.debug_abbrev   0x00000000      0x844
 .debug_abbrev  0x00000000      0x158 ./output/Run.o
 .debug_abbrev  0x00000158      0x174 ./output/main.o
 .debug_abbrev  0x000002cc       0xac ./output/lvq_stm32f4_rccConfig.o
 .debug_abbrev  0x00000378      0x21e ./output/lvq_stm32f4_exti.o
 .debug_abbrev  0x00000596      0x178 ./output/lvq_stm32f4_gpio.o
 .debug_abbrev  0x0000070e      0x136 ./output/xprintf.o

.debug_aranges  0x00000000       0xc0
 .debug_aranges
                0x00000000       0x20 ./output/Run.o
 .debug_aranges
                0x00000020       0x20 ./output/main.o
 .debug_aranges
                0x00000040       0x20 ./output/lvq_stm32f4_rccConfig.o
 .debug_aranges
                0x00000060       0x20 ./output/lvq_stm32f4_exti.o
 .debug_aranges
                0x00000080       0x20 ./output/lvq_stm32f4_gpio.o
 .debug_aranges
                0x000000a0       0x20 ./output/xprintf.o

.debug_line     0x00000000     0x1288
 .debug_line    0x00000000      0x1d8 ./output/Run.o
 .debug_line    0x000001d8      0x3e5 ./output/main.o
 .debug_line    0x000005bd      0x17e ./output/lvq_stm32f4_rccConfig.o
 .debug_line    0x0000073b      0x411 ./output/lvq_stm32f4_exti.o
 .debug_line    0x00000b4c      0x467 ./output/lvq_stm32f4_gpio.o
 .debug_line    0x00000fb3      0x2d5 ./output/xprintf.o

.debug_str      0x00000000     0x164d
 .debug_str     0x00000000      0x302 ./output/Run.o
                                0x34d (size before relaxing)
 .debug_str     0x00000302      0x8bb ./output/main.o
                                0xa5c (size before relaxing)
 .debug_str     0x00000bbd       0x5c ./output/lvq_stm32f4_rccConfig.o
                                0x2c0 (size before relaxing)
 .debug_str     0x00000c19      0x782 ./output/lvq_stm32f4_exti.o
                                0xbd6 (size before relaxing)
 .debug_str     0x0000139b      0x1f7 ./output/lvq_stm32f4_gpio.o
                                0x5d4 (size before relaxing)
 .debug_str     0x00001592       0xbb ./output/xprintf.o
                                0x233 (size before relaxing)

.comment        0x00000000       0x49
 .comment       0x00000000       0x49 ./output/Run.o
                                 0x4a (size before relaxing)
 .comment       0x00000049       0x4a ./output/main.o
 .comment       0x00000049       0x4a ./output/lvq_stm32f4_rccConfig.o
 .comment       0x00000049       0x4a ./output/lvq_stm32f4_exti.o
 .comment       0x00000049       0x4a ./output/lvq_stm32f4_gpio.o
 .comment       0x00000049       0x4a ./output/xprintf.o

.ARM.attributes
                0x00000000       0x2e
 .ARM.attributes
                0x00000000       0x2e ./output/Run.o
 .ARM.attributes
                0x0000002e       0x2e ./output/main.o
 .ARM.attributes
                0x0000005c       0x2e ./output/lvq_stm32f4_rccConfig.o
 .ARM.attributes
                0x0000008a       0x2e ./output/lvq_stm32f4_exti.o
 .ARM.attributes
                0x000000b8       0x2e ./output/lvq_stm32f4_gpio.o
 .ARM.attributes
                0x000000e6       0x2e ./output/xprintf.o

.debug_frame    0x00000000     0x1118
 .debug_frame   0x00000000       0xa4 ./output/Run.o
 .debug_frame   0x000000a4      0xbd0 ./output/main.o
 .debug_frame   0x00000c74       0x30 ./output/lvq_stm32f4_rccConfig.o
 .debug_frame   0x00000ca4      0x16c ./output/lvq_stm32f4_exti.o
 .debug_frame   0x00000e10      0x298 ./output/lvq_stm32f4_gpio.o
 .debug_frame   0x000010a8       0x70 ./output/xprintf.o
