
Memory Configuration

Name             Origin             Length             Attributes
FLASH            0x08000000         0x00080000         xr
RESULT           0x20000000         0x00000004         xrw
SRAM             0x20000004         0x0001fffc         xrw
*default*        0x00000000         0xffffffff

Linker script and memory map

                0x00000200                _Min_Heap_Size = 0x200
                0x00000400                _Min_Stack_Size = 0x400

.text           0x08000000      0xec8
 *(.isr_vector)
 .isr_vector    0x08000000      0x1c0 ../output/GPIO_002/lvq_startup_stm32f446.o
                0x08000000                vectors
 *(.text)
 .text          0x080001c0      0x624 ../output/GPIO_002/lvq_stm32f4_gpio.o
                0x080001c0                LVQ_GPIO_Init
                0x08000206                LVQ_GPIO_InitAlternate
                0x080002ae                LVQ_GPIO_EnableClock
                0x08000364                LVQ_GPIO_Config
                0x08000474                LVQ_GPIO_DeInit
                0x080004f4                LVQ_GPIO_SetPinAsInput
                0x08000544                LVQ_GPIO_SetPinAsOutput
                0x080005a0                LVQ_GPIO_SetPinAsAnalog
                0x080005ee                LVQ_GPIO_SetPinAsAlternate
                0x0800064e                LVQ_GPIO_SetPullResistor
                0x080006b2                LVQ_GPIO_Lock
                0x080006ea                LVQ_GPIO_GetPinSource
                0x08000718                LVQ_GPIO_GetPortSource
                0x08000738                LVQ_GPIO_INT_EnableClock
                0x08000768                LVQ_GPIO_INT_DisableClock
                0x08000798                LVQ_GPIO_GetUsedPins
                0x080007bc                LVQ_GPIO_GetFreePins
 .text          0x080007e4        0xa ../output/GPIO_002/GPIO_TS_002.o
                0x080007e4                main
 *fill*         0x080007ee        0x2 
 .text          0x080007f0       0x7c ../output/GPIO_002/GPIO_TC_002.o
                0x080007f0                delay
                0x0800081c                gpio_TC_002
 .text          0x0800086c       0xb0 ../output/GPIO_002/lvq_stm32f4_rccConfig.o
                0x0800086c                SysClockConfig
 .text          0x0800091c       0x2c ../output/GPIO_002/result.o
                0x0800091c                CHECK_RESULT
 .text          0x08000948      0x574 ../output/GPIO_002/lvq_startup_stm32f446.o
                0x08000948                _write
                0x08000990                Delay
                0x080009b0                Reset_Handler
                0x08000a34                Default_Handler
                0x08000a3a                NMI_Handler
                0x08000a40                HardFault_Handler
                0x08000a54                MemManage_Handler
                0x08000a5a                BusFault_Handler
                0x08000a60                UsageFault_Handler
                0x08000a66                SVC_Handler
                0x08000a6c                DebugMon_Handler
                0x08000a72                PendSV_Handler
                0x08000a78                SysTick_Handler
                0x08000a84                WWDG_IRQHandler
                0x08000a90                PVD_IRQHandler
                0x08000a9c                TAMP_STAMP_IRQHandler
                0x08000aa8                RTC_WKUP_IRQHandler
                0x08000ab4                FLASH_IRQHandler
                0x08000ac0                RCC_IRQHandler
                0x08000acc                EXTI0_IRQHandler
                0x08000ad8                EXTI1_IRQHandler
                0x08000ae4                EXTI2_IRQHandler
                0x08000af0                EXTI3_IRQHandler
                0x08000afc                EXTI4_IRQHandler
                0x08000b08                DMA1_Stream0_IRQHandler
                0x08000b14                DMA1_Stream1_IRQHandler
                0x08000b20                DMA1_Stream2_IRQHandler
                0x08000b2c                DMA1_Stream3_IRQHandler
                0x08000b38                DMA1_Stream4_IRQHandler
                0x08000b44                DMA1_Stream5_IRQHandler
                0x08000b50                DMA1_Stream6_IRQHandler
                0x08000b5c                ADC_IRQHandler
                0x08000b68                CAN1_TX_IRQHandler
                0x08000b74                CAN1_RX0_IRQHandler
                0x08000b80                CAN1_RX1_IRQHandler
                0x08000b8c                CAN1_SCE_IRQHandler
                0x08000b98                EXTI9_5_IRQHandler
                0x08000ba4                TIM1_BRK_TIM9_IRQHandler
                0x08000bb0                TIM1_UP_TIM10_IRQHandler
                0x08000bbc                TIM1_TRG_COM_TIM11_IRQHandler
                0x08000bc8                TIM1_CC_IRQHandler
                0x08000bd4                TIM2_IRQHandler
                0x08000be0                TIM3_IRQHandler
                0x08000bec                TIM4_IRQHandler
                0x08000bf8                I2C1_EV_IRQHandler
                0x08000c04                I2C1_ER_IRQHandler
                0x08000c10                I2C2_EV_IRQHandler
                0x08000c1c                I2C2_ER_IRQHandler
                0x08000c28                SPI1_IRQHandler
                0x08000c34                SPI2_IRQHandler
                0x08000c40                USART1_IRQHandler
                0x08000c4c                USART2_IRQHandler
                0x08000c58                USART3_IRQHandler
                0x08000c64                EXTI15_10_IRQHandler
                0x08000c70                RTC_Alarm_IRQHandler
                0x08000c7c                OTG_FS_WKUP_IRQHandler
                0x08000c88                TIM8_BRK_TIM12_IRQHandler
                0x08000c94                TIM8_UP_TIM13_IRQHandler
                0x08000ca0                TIM8_TRG_COM_TIM14_IRQHandler
                0x08000cac                TIM8_CC_IRQHandler
                0x08000cb8                DMA1_Stream7_IRQHandler
                0x08000cc4                FMC_IRQHandler
                0x08000cd0                SDIO_IRQHandler
                0x08000cdc                TIM5_IRQHandler
                0x08000ce8                SPI3_IRQHandler
                0x08000cf4                UART4_IRQHandler
                0x08000d00                UART5_IRQHandler
                0x08000d0c                TIM6_DAC_IRQHandler
                0x08000d18                TIM7_IRQHandler
                0x08000d24                DMA2_Stream0_IRQHandler
                0x08000d30                DMA2_Stream1_IRQHandler
                0x08000d3c                DMA2_Stream2_IRQHandler
                0x08000d48                DMA2_Stream3_IRQHandler
                0x08000d54                DMA2_Stream4_IRQHandler
                0x08000d60                ETH_IRQHandler
                0x08000d6c                ETH_WKUP_IRQHandler
                0x08000d78                CAN2_TX_IRQHandler
                0x08000d84                CAN2_RX0_IRQHandler
                0x08000d90                CAN2_RX1_IRQHandler
                0x08000d9c                CAN2_SCE_IRQHandler
                0x08000da8                OTG_FS_IRQHandler
                0x08000db4                DMA2_Stream5_IRQHandler
                0x08000dc0                DMA2_Stream6_IRQHandler
                0x08000dcc                DMA2_Stream7_IRQHandler
                0x08000dd8                USART6_IRQHandler
                0x08000de4                I2C3_EV_IRQHandler
                0x08000df0                I2C3_ER_IRQHandler
                0x08000dfc                OTG_HS_EP1_OUT_IRQHandler
                0x08000e08                OTG_HS_EP1_IN_IRQHandler
                0x08000e14                OTG_HS_WKUP_IRQHandler
                0x08000e20                OTG_HS_IRQHandler
                0x08000e2c                DCMI_IRQHandler
                0x08000e38                CRYP_IRQHandler
                0x08000e44                HASH_RNG_IRQHandler
                0x08000e50                FPU_IRQHandler
                0x08000e5c                SPI4_IRQHandler
                0x08000e68                SAI1_IRQHandler
                0x08000e74                SAI2_IRQHandler
                0x08000e80                QUADSPI_IRQHandler
                0x08000e8c                CEC_IRQHandler
                0x08000e98                SPDIF_RX_IRQHandler
                0x08000ea4                FMPI2C1_Event_IRQHandler
                0x08000eb0                FMPI2C1_Error_IRQHandler
 *(.rodata)
 .rodata        0x08000ebc        0xc ../output/GPIO_002/lvq_startup_stm32f446.o
                0x08000ec8                . = ALIGN (0x4)
                0x08000ec8                _etext = .
                0x08000ec8                _la_data = LOADADDR (.data)

.glue_7         0x08000ec8        0x0
 .glue_7        0x08000ec8        0x0 linker stubs

.glue_7t        0x08000ec8        0x0
 .glue_7t       0x08000ec8        0x0 linker stubs

.vfp11_veneer   0x08000ec8        0x0
 .vfp11_veneer  0x08000ec8        0x0 linker stubs

.v4_bx          0x08000ec8        0x0
 .v4_bx         0x08000ec8        0x0 linker stubs

.iplt           0x08000ec8        0x0
 .iplt          0x08000ec8        0x0 ../output/GPIO_002/lvq_stm32f4_gpio.o

.rel.dyn        0x08000ec8        0x0
 .rel.iplt      0x08000ec8        0x0 ../output/GPIO_002/lvq_stm32f4_gpio.o

.data           0x20000004        0x0 load address 0x08000ec8
                0x20000004                _sdata = .
 *(.data)
 .data          0x20000004        0x0 ../output/GPIO_002/lvq_stm32f4_gpio.o
 .data          0x20000004        0x0 ../output/GPIO_002/GPIO_TS_002.o
 .data          0x20000004        0x0 ../output/GPIO_002/GPIO_TC_002.o
 .data          0x20000004        0x0 ../output/GPIO_002/lvq_stm32f4_rccConfig.o
 .data          0x20000004        0x0 ../output/GPIO_002/result.o
 .data          0x20000004        0x0 ../output/GPIO_002/lvq_startup_stm32f446.o
                0x20000004                . = ALIGN (0x4)
                0x20000004                _edata = .

.igot.plt       0x20000004        0x0 load address 0x08000ec8
 .igot.plt      0x20000004        0x0 ../output/GPIO_002/lvq_stm32f4_gpio.o

.bss            0x20000004       0x18 load address 0x08000ec8
                0x20000004                _sbss = .
 *(.bss)
 .bss           0x20000004       0x16 ../output/GPIO_002/lvq_stm32f4_gpio.o
 .bss           0x2000001a        0x0 ../output/GPIO_002/GPIO_TS_002.o
 .bss           0x2000001a        0x0 ../output/GPIO_002/GPIO_TC_002.o
 .bss           0x2000001a        0x0 ../output/GPIO_002/lvq_stm32f4_rccConfig.o
 .bss           0x2000001a        0x0 ../output/GPIO_002/result.o
 .bss           0x2000001a        0x0 ../output/GPIO_002/lvq_startup_stm32f446.o
 *(COMMON)
                0x2000001c                . = ALIGN (0x4)
 *fill*         0x2000001a        0x2 
                0x2000001c                _ebss = .

.result         0x20000000        0x4
 *(.result)
 .result        0x20000000        0x4 ../output/GPIO_002/result.o
                0x20000000                u32RESULT

._user_heap_stack
                0x2000001c      0x604
                0x20000020                . = ALIGN (0x8)
 *fill*         0x2000001c        0x4 
                [!provide]                PROVIDE (end = .)
                [!provide]                PROVIDE (_end = .)
                0x20000220                . = (. + _Min_Heap_Size)
 *fill*         0x20000020      0x200 
                0x20000620                . = (. + _Min_Stack_Size)
 *fill*         0x20000220      0x400 
                0x20000620                . = ALIGN (0x8)
                0x20020000                _estack = (ORIGIN (SRAM) + LENGTH (SRAM))
LOAD ../output/GPIO_002/lvq_stm32f4_gpio.o
LOAD ../output/GPIO_002/GPIO_TS_002.o
LOAD ../output/GPIO_002/GPIO_TC_002.o
LOAD ../output/GPIO_002/lvq_stm32f4_rccConfig.o
LOAD ../output/GPIO_002/result.o
LOAD ../output/GPIO_002/lvq_startup_stm32f446.o
OUTPUT(../output/GPIO_002/GPIO.elf elf32-littlearm)
LOAD linker stubs

.debug_info     0x00000000     0x1929
 .debug_info    0x00000000      0x8e0 ../output/GPIO_002/lvq_stm32f4_gpio.o
 .debug_info    0x000008e0       0x43 ../output/GPIO_002/GPIO_TS_002.o
 .debug_info    0x00000923      0x271 ../output/GPIO_002/GPIO_TC_002.o
 .debug_info    0x00000b94      0x349 ../output/GPIO_002/lvq_stm32f4_rccConfig.o
 .debug_info    0x00000edd       0x6c ../output/GPIO_002/result.o
 .debug_info    0x00000f49      0x9e0 ../output/GPIO_002/lvq_startup_stm32f446.o

.debug_abbrev   0x00000000      0x55b
 .debug_abbrev  0x00000000      0x178 ../output/GPIO_002/lvq_stm32f4_gpio.o
 .debug_abbrev  0x00000178       0x3b ../output/GPIO_002/GPIO_TS_002.o
 .debug_abbrev  0x000001b3       0xfe ../output/GPIO_002/GPIO_TC_002.o
 .debug_abbrev  0x000002b1       0xac ../output/GPIO_002/lvq_stm32f4_rccConfig.o
 .debug_abbrev  0x0000035d       0x5d ../output/GPIO_002/result.o
 .debug_abbrev  0x000003ba      0x1a1 ../output/GPIO_002/lvq_startup_stm32f446.o

.debug_aranges  0x00000000       0xc0
 .debug_aranges
                0x00000000       0x20 ../output/GPIO_002/lvq_stm32f4_gpio.o
 .debug_aranges
                0x00000020       0x20 ../output/GPIO_002/GPIO_TS_002.o
 .debug_aranges
                0x00000040       0x20 ../output/GPIO_002/GPIO_TC_002.o
 .debug_aranges
                0x00000060       0x20 ../output/GPIO_002/lvq_stm32f4_rccConfig.o
 .debug_aranges
                0x00000080       0x20 ../output/GPIO_002/result.o
 .debug_aranges
                0x000000a0       0x20 ../output/GPIO_002/lvq_startup_stm32f446.o

.debug_line     0x00000000      0xcb0
 .debug_line    0x00000000      0x487 ../output/GPIO_002/lvq_stm32f4_gpio.o
 .debug_line    0x00000487       0x76 ../output/GPIO_002/GPIO_TS_002.o
 .debug_line    0x000004fd      0x197 ../output/GPIO_002/GPIO_TC_002.o
 .debug_line    0x00000694      0x17e ../output/GPIO_002/lvq_stm32f4_rccConfig.o
 .debug_line    0x00000812       0x4a ../output/GPIO_002/result.o
 .debug_line    0x0000085c      0x454 ../output/GPIO_002/lvq_startup_stm32f446.o

.debug_str      0x00000000      0xec4
 .debug_str     0x00000000      0x583 ../output/GPIO_002/lvq_stm32f4_gpio.o
                                0x5e0 (size before relaxing)
 .debug_str     0x00000583       0x40 ../output/GPIO_002/GPIO_TS_002.o
                                 0xe5 (size before relaxing)
 .debug_str     0x000005c3       0x58 ../output/GPIO_002/GPIO_TC_002.o
                                0x2e5 (size before relaxing)
 .debug_str     0x0000061b       0x5c ../output/GPIO_002/lvq_stm32f4_rccConfig.o
                                0x2bf (size before relaxing)
 .debug_str     0x00000677       0x26 ../output/GPIO_002/result.o
                                 0xcb (size before relaxing)
 .debug_str     0x0000069d      0x827 ../output/GPIO_002/lvq_startup_stm32f446.o
                                0x987 (size before relaxing)

.comment        0x00000000       0x49
 .comment       0x00000000       0x49 ../output/GPIO_002/lvq_stm32f4_gpio.o
                                 0x4a (size before relaxing)
 .comment       0x00000049       0x4a ../output/GPIO_002/GPIO_TS_002.o
 .comment       0x00000049       0x4a ../output/GPIO_002/GPIO_TC_002.o
 .comment       0x00000049       0x4a ../output/GPIO_002/lvq_stm32f4_rccConfig.o
 .comment       0x00000049       0x4a ../output/GPIO_002/result.o
 .comment       0x00000049       0x4a ../output/GPIO_002/lvq_startup_stm32f446.o

.ARM.attributes
                0x00000000       0x2e
 .ARM.attributes
                0x00000000       0x2e ../output/GPIO_002/lvq_stm32f4_gpio.o
 .ARM.attributes
                0x0000002e       0x2e ../output/GPIO_002/GPIO_TS_002.o
 .ARM.attributes
                0x0000005c       0x2e ../output/GPIO_002/GPIO_TC_002.o
 .ARM.attributes
                0x0000008a       0x2e ../output/GPIO_002/lvq_stm32f4_rccConfig.o
 .ARM.attributes
                0x000000b8       0x2e ../output/GPIO_002/result.o
 .ARM.attributes
                0x000000e6       0x2e ../output/GPIO_002/lvq_startup_stm32f446.o

.debug_frame    0x00000000     0x1048
 .debug_frame   0x00000000      0x298 ../output/GPIO_002/lvq_stm32f4_gpio.o
 .debug_frame   0x00000298       0x2c ../output/GPIO_002/GPIO_TS_002.o
 .debug_frame   0x000002c4       0x5c ../output/GPIO_002/GPIO_TC_002.o
 .debug_frame   0x00000320       0x30 ../output/GPIO_002/lvq_stm32f4_rccConfig.o
 .debug_frame   0x00000350       0x38 ../output/GPIO_002/result.o
 .debug_frame   0x00000388      0xcc0 ../output/GPIO_002/lvq_startup_stm32f446.o
