
Memory Configuration

Name             Origin             Length             Attributes
FLASH            0x08000000         0x00040000         xr
RESULT           0x20000000         0x00000004         xrw
SRAM             0x20000004         0x0000fffc         xrw
*default*        0x00000000         0xffffffff

Linker script and memory map

                0x00000200                _Min_Heap_Size = 0x200
                0x00000400                _Min_Stack_Size = 0x400

.text           0x08000000     0x16cc
 *(.isr_vector)
 .isr_vector    0x08000000      0x1c0 ./output/lvq_startup_stm32f401.o
                0x08000000                vectors
 *(.text)
 .text          0x080001c0      0x224 ./output/main.o
                0x080001c0                delay_200ms
                0x080001ec                main
                0x080002e4                idle_task
                0x080002ea                task1_handler
                0x08000308                task2_handler
                0x08000324                task3_handler
                0x08000344                task4_handler
                0x08000364                task5_handler
                0x08000384                task6_handler
                0x080003a4                task7_handler
                0x080003c4                task8_handler
 .text          0x080003e4      0x69c ./output/lvq_startup_stm32f401.o
                0x080003e4                __libc_init_array
                0x08000454                _write
                0x0800049c                Delay
                0x080004bc                Reset_Handler
                0x080005e0                Default_Handler
                0x080005e6                NMI_Handler
                0x080005ec                HardFault_Handler
                0x08000600                MemManage_Handler
                0x08000614                BusFault_Handler
                0x08000628                UsageFault_Handler
                0x0800063c                SVC_Handler
                0x08000642                DebugMon_Handler
                0x08000648                WWDG_IRQHandler
                0x08000654                PVD_IRQHandler
                0x08000660                TAMP_STAMP_IRQHandler
                0x0800066c                RTC_WKUP_IRQHandler
                0x08000678                FLASH_IRQHandler
                0x08000684                RCC_IRQHandler
                0x08000690                EXTI0_IRQHandler
                0x0800069c                EXTI1_IRQHandler
                0x080006a8                EXTI2_IRQHandler
                0x080006b4                EXTI3_IRQHandler
                0x080006c0                EXTI4_IRQHandler
                0x080006cc                DMA1_Stream0_IRQHandler
                0x080006d8                DMA1_Stream1_IRQHandler
                0x080006e4                DMA1_Stream2_IRQHandler
                0x080006f0                DMA1_Stream3_IRQHandler
                0x080006fc                DMA1_Stream4_IRQHandler
                0x08000708                DMA1_Stream5_IRQHandler
                0x08000714                DMA1_Stream6_IRQHandler
                0x08000720                ADC_IRQHandler
                0x0800072c                CAN1_TX_IRQHandler
                0x08000738                CAN1_RX0_IRQHandler
                0x08000744                CAN1_RX1_IRQHandler
                0x08000750                CAN1_SCE_IRQHandler
                0x0800075c                EXTI9_5_IRQHandler
                0x08000768                TIM1_BRK_TIM9_IRQHandler
                0x08000774                TIM1_UP_TIM10_IRQHandler
                0x08000780                TIM1_TRG_COM_TIM11_IRQHandler
                0x0800078c                TIM1_CC_IRQHandler
                0x08000798                TIM2_IRQHandler
                0x080007a4                TIM3_IRQHandler
                0x080007b0                TIM4_IRQHandler
                0x080007bc                I2C1_EV_IRQHandler
                0x080007c8                I2C1_ER_IRQHandler
                0x080007d4                I2C2_EV_IRQHandler
                0x080007e0                I2C2_ER_IRQHandler
                0x080007ec                SPI1_IRQHandler
                0x080007f8                SPI2_IRQHandler
                0x08000804                USART1_IRQHandler
                0x08000810                USART2_IRQHandler
                0x0800081c                USART3_IRQHandler
                0x08000828                EXTI15_10_IRQHandler
                0x08000834                RTC_Alarm_IRQHandler
                0x08000840                OTG_FS_WKUP_IRQHandler
                0x0800084c                TIM8_BRK_TIM12_IRQHandler
                0x08000858                TIM8_UP_TIM13_IRQHandler
                0x08000864                TIM8_TRG_COM_TIM14_IRQHandler
                0x08000870                TIM8_CC_IRQHandler
                0x0800087c                DMA1_Stream7_IRQHandler
                0x08000888                FMC_IRQHandler
                0x08000894                SDIO_IRQHandler
                0x080008a0                TIM5_IRQHandler
                0x080008ac                SPI3_IRQHandler
                0x080008b8                UART4_IRQHandler
                0x080008c4                UART5_IRQHandler
                0x080008d0                TIM6_DAC_IRQHandler
                0x080008dc                TIM7_IRQHandler
                0x080008e8                DMA2_Stream0_IRQHandler
                0x080008f4                DMA2_Stream1_IRQHandler
                0x08000900                DMA2_Stream2_IRQHandler
                0x0800090c                DMA2_Stream3_IRQHandler
                0x08000918                DMA2_Stream4_IRQHandler
                0x08000924                ETH_IRQHandler
                0x08000930                ETH_WKUP_IRQHandler
                0x0800093c                CAN2_TX_IRQHandler
                0x08000948                CAN2_RX0_IRQHandler
                0x08000954                CAN2_RX1_IRQHandler
                0x08000960                CAN2_SCE_IRQHandler
                0x0800096c                OTG_FS_IRQHandler
                0x08000978                DMA2_Stream5_IRQHandler
                0x08000984                DMA2_Stream6_IRQHandler
                0x08000990                DMA2_Stream7_IRQHandler
                0x0800099c                USART6_IRQHandler
                0x080009a8                I2C3_EV_IRQHandler
                0x080009b4                I2C3_ER_IRQHandler
                0x080009c0                OTG_HS_EP1_OUT_IRQHandler
                0x080009cc                OTG_HS_EP1_IN_IRQHandler
                0x080009d8                OTG_HS_WKUP_IRQHandler
                0x080009e4                OTG_HS_IRQHandler
                0x080009f0                DCMI_IRQHandler
                0x080009fc                CRYP_IRQHandler
                0x08000a08                HASH_RNG_IRQHandler
                0x08000a14                FPU_IRQHandler
                0x08000a20                SPI4_IRQHandler
                0x08000a2c                SAI1_IRQHandler
                0x08000a38                SAI2_IRQHandler
                0x08000a44                QUADSPI_IRQHandler
                0x08000a50                CEC_IRQHandler
                0x08000a5c                SPDIF_RX_IRQHandler
                0x08000a68                FMPI2C1_Event_IRQHandler
                0x08000a74                FMPI2C1_Error_IRQHandler
 .text          0x08000a80       0x2c ./output/result.o
                0x08000a80                CHECK_RESULT
 .text          0x08000aac      0x4ec ./output/lvq_stm32f4_rtos.o
                0x08000aac                LVQ_RTOS_Enable_Processor_Faults
                0x08000ae8                LVQ_RTOS_CaculatorStack
                0x08000b34                LVQ_RTOS_ScheduleStart
                0x08000b64                LVQ_RTOS_CreateTask
                0x08000c9c                LVQ_Init_Scheduler_Stack
                0x08000ca6                LVQ_RTOS_Systick_Timer
                0x08000d04                LVQ_RTOS_Delay
                0x08000d6c                LVQ_Schedule_Task
                0x08000d90                LVQ_RTOS_SP_To_PSP
                0x08000daa                get_psp_value
                0x08000dd4                save_psp_value
                0x08000e08                update_next_task
                0x08000e9c                LVQ_Update_Global_Tick_Count
                0x08000eb8                LVQ_Unblock_Tasks
                0x08000f34                SysTick_Handler
                0x08000f70                PendSV_Handler
 .text          0x08000f98       0xb0 ./output/lvq_stm32f4_rccConfig.o
                0x08000f98                SysClockConfig
 .text          0x08001048      0x624 ./output/lvq_stm32f4_gpio.o
                0x08001048                LVQ_GPIO_Init
                0x0800108e                LVQ_GPIO_InitAlternate
                0x08001136                LVQ_GPIO_EnableClock
                0x080011ec                LVQ_GPIO_Config
                0x080012fc                LVQ_GPIO_DeInit
                0x0800137c                LVQ_GPIO_SetPinAsInput
                0x080013cc                LVQ_GPIO_SetPinAsOutput
                0x08001428                LVQ_GPIO_SetPinAsAnalog
                0x08001476                LVQ_GPIO_SetPinAsAlternate
                0x080014d6                LVQ_GPIO_SetPullResistor
                0x0800153a                LVQ_GPIO_Lock
                0x08001572                LVQ_GPIO_GetPinSource
                0x080015a0                LVQ_GPIO_GetPortSource
                0x080015c0                LVQ_GPIO_INT_EnableClock
                0x080015f0                LVQ_GPIO_INT_DisableClock
                0x08001620                LVQ_GPIO_GetUsedPins
                0x08001644                LVQ_GPIO_GetFreePins
 *(.rodata)
 .rodata        0x0800166c       0x2a ./output/main.o
 *fill*         0x08001696        0x2 
 .rodata        0x08001698       0x31 ./output/lvq_startup_stm32f401.o
                0x080016cc                . = ALIGN (0x4)
 *fill*         0x080016c9        0x3 
                0x080016cc                _etext = .
                0x080016cc                _la_data = LOADADDR (.data)

.glue_7         0x080016cc        0x0
 .glue_7        0x080016cc        0x0 linker stubs

.glue_7t        0x080016cc        0x0
 .glue_7t       0x080016cc        0x0 linker stubs

.vfp11_veneer   0x080016cc        0x0
 .vfp11_veneer  0x080016cc        0x0 linker stubs

.v4_bx          0x080016cc        0x0
 .v4_bx         0x080016cc        0x0 linker stubs

.iplt           0x080016cc        0x0
 .iplt          0x080016cc        0x0 ./output/main.o

.rel.dyn        0x080016cc        0x0
 .rel.iplt      0x080016cc        0x0 ./output/main.o

.data           0x20000004        0x4 load address 0x080016cc
                0x20000004                _sdata = .
 *(.data)
 .data          0x20000004        0x0 ./output/main.o
 .data          0x20000004        0x0 ./output/lvq_startup_stm32f401.o
 .data          0x20000004        0x0 ./output/result.o
 .data          0x20000004        0x1 ./output/lvq_stm32f4_rtos.o
                0x20000004                curent_task
 .data          0x20000005        0x0 ./output/lvq_stm32f4_rccConfig.o
 .data          0x20000005        0x0 ./output/lvq_stm32f4_gpio.o
                0x20000008                . = ALIGN (0x4)
 *fill*         0x20000005        0x3 
                0x20000008                _edata = .

.igot.plt       0x20000008        0x0 load address 0x080016d0
 .igot.plt      0x20000008        0x0 ./output/main.o

.debug          0x20000008        0x4 load address 0x080016d0
 .debug         0x20000008        0x4 ./output/result.o
                0x20000008                u32DEBUG

.bss            0x2000000c       0xe8 load address 0x080016d4
                0x2000000c                _sbss = .
 *(.bss)
 .bss           0x2000000c        0x0 ./output/main.o
 .bss           0x2000000c        0x0 ./output/lvq_startup_stm32f401.o
 .bss           0x2000000c        0x0 ./output/result.o
 .bss           0x2000000c       0xcd ./output/lvq_stm32f4_rtos.o
                0x2000000c                user_tasks
                0x200000d4                g_tick_count
                0x200000d8                TaskCreate
 .bss           0x200000d9        0x0 ./output/lvq_stm32f4_rccConfig.o
 *fill*         0x200000d9        0x3 
 .bss           0x200000dc       0x16 ./output/lvq_stm32f4_gpio.o
 *(COMMON)
                0x200000f4                . = ALIGN (0x4)
 *fill*         0x200000f2        0x2 
                0x200000f4                _ebss = .

.result         0x20000000        0x4
 *(.result)
 .result        0x20000000        0x4 ./output/result.o
                0x20000000                u32RESULT

._user_heap_stack
                0x200000f4      0x604
                0x200000f8                . = ALIGN (0x8)
 *fill*         0x200000f4        0x4 
                [!provide]                PROVIDE (end = .)
                [!provide]                PROVIDE (_end = .)
                0x200002f8                . = (. + _Min_Heap_Size)
 *fill*         0x200000f8      0x200 
                0x200006f8                . = (. + _Min_Stack_Size)
 *fill*         0x200002f8      0x400 
                0x200006f8                . = ALIGN (0x8)
                0x20010000                _estack = (ORIGIN (SRAM) + LENGTH (SRAM))
LOAD ./output/main.o
LOAD ./output/lvq_startup_stm32f401.o
LOAD ./output/result.o
LOAD ./output/lvq_stm32f4_rtos.o
LOAD ./output/lvq_stm32f4_rccConfig.o
LOAD ./output/lvq_stm32f4_gpio.o
OUTPUT(./output/STM32F401CCU6_RTOS.elf elf32-littlearm)
LOAD linker stubs

.debug_info     0x00000000     0x2377
 .debug_info    0x00000000      0x2c6 ./output/main.o
 .debug_info    0x000002c6      0xeaa ./output/lvq_startup_stm32f401.o
 .debug_info    0x00001170       0x7e ./output/result.o
 .debug_info    0x000011ee      0x560 ./output/lvq_stm32f4_rtos.o
 .debug_info    0x0000174e      0x349 ./output/lvq_stm32f4_rccConfig.o
 .debug_info    0x00001a97      0x8e0 ./output/lvq_stm32f4_gpio.o

.debug_abbrev   0x00000000      0x7ae
 .debug_abbrev  0x00000000      0x132 ./output/main.o
 .debug_abbrev  0x00000132      0x1e1 ./output/lvq_startup_stm32f401.o
 .debug_abbrev  0x00000313       0x5d ./output/result.o
 .debug_abbrev  0x00000370      0x21a ./output/lvq_stm32f4_rtos.o
 .debug_abbrev  0x0000058a       0xac ./output/lvq_stm32f4_rccConfig.o
 .debug_abbrev  0x00000636      0x178 ./output/lvq_stm32f4_gpio.o

.debug_aranges  0x00000000       0xc0
 .debug_aranges
                0x00000000       0x20 ./output/main.o
 .debug_aranges
                0x00000020       0x20 ./output/lvq_startup_stm32f401.o
 .debug_aranges
                0x00000040       0x20 ./output/result.o
 .debug_aranges
                0x00000060       0x20 ./output/lvq_stm32f4_rtos.o
 .debug_aranges
                0x00000080       0x20 ./output/lvq_stm32f4_rccConfig.o
 .debug_aranges
                0x000000a0       0x20 ./output/lvq_stm32f4_gpio.o

.debug_line     0x00000000     0x109a
 .debug_line    0x00000000      0x1fb ./output/main.o
 .debug_line    0x000001fb      0x535 ./output/lvq_startup_stm32f401.o
 .debug_line    0x00000730       0x4a ./output/result.o
 .debug_line    0x0000077a      0x324 ./output/lvq_stm32f4_rtos.o
 .debug_line    0x00000a9e      0x183 ./output/lvq_stm32f4_rccConfig.o
 .debug_line    0x00000c21      0x479 ./output/lvq_stm32f4_gpio.o

.debug_str      0x00000000     0x125e
 .debug_str     0x00000000      0x2d1 ./output/main.o
                                0x31c (size before relaxing)
 .debug_str     0x000002d1      0x9d8 ./output/lvq_startup_stm32f401.o
                                0xb79 (size before relaxing)
 .debug_str     0x00000ca9       0x2f ./output/result.o
                                 0xd1 (size before relaxing)
 .debug_str     0x00000cd8      0x2fc ./output/lvq_stm32f4_rtos.o
                                0x4a4 (size before relaxing)
 .debug_str     0x00000fd4       0x63 ./output/lvq_stm32f4_rccConfig.o
                                0x2c3 (size before relaxing)
 .debug_str     0x00001037      0x227 ./output/lvq_stm32f4_gpio.o
                                0x5d7 (size before relaxing)

.comment        0x00000000       0x49
 .comment       0x00000000       0x49 ./output/main.o
                                 0x4a (size before relaxing)
 .comment       0x00000049       0x4a ./output/lvq_startup_stm32f401.o
 .comment       0x00000049       0x4a ./output/result.o
 .comment       0x00000049       0x4a ./output/lvq_stm32f4_rtos.o
 .comment       0x00000049       0x4a ./output/lvq_stm32f4_rccConfig.o
 .comment       0x00000049       0x4a ./output/lvq_stm32f4_gpio.o

.ARM.attributes
                0x00000000       0x2e
 .ARM.attributes
                0x00000000       0x2e ./output/main.o
 .ARM.attributes
                0x0000002e       0x2e ./output/lvq_startup_stm32f401.o
 .ARM.attributes
                0x0000005c       0x2e ./output/result.o
 .ARM.attributes
                0x0000008a       0x2e ./output/lvq_stm32f4_rtos.o
 .ARM.attributes
                0x000000b8       0x2e ./output/lvq_stm32f4_rccConfig.o
 .ARM.attributes
                0x000000e6       0x2e ./output/lvq_stm32f4_gpio.o

.debug_frame    0x00000000     0x1320
 .debug_frame   0x00000000      0x150 ./output/main.o
 .debug_frame   0x00000150      0xcb8 ./output/lvq_startup_stm32f401.o
 .debug_frame   0x00000e08       0x38 ./output/result.o
 .debug_frame   0x00000e40      0x218 ./output/lvq_stm32f4_rtos.o
 .debug_frame   0x00001058       0x30 ./output/lvq_stm32f4_rccConfig.o
 .debug_frame   0x00001088      0x298 ./output/lvq_stm32f4_gpio.o
