
Memory Configuration

Name             Origin             Length             Attributes
ROM              0x08000000         0x00040000         xr
DEBUG            0x20000000         0x00000004         xrw
RESULT           0x20000004         0x00000004         xrw
RAM              0x20000008         0x0000fff8         xrw
*default*        0x00000000         0xffffffff

Linker script and memory map

                0x00000200                _Min_Heap_Size = 0x200
                0x00000400                _Min_Stack_Size = 0x400

.text           0x08000000      0xfac
 *(.isr_vector)
 .isr_vector    0x08000000      0x1c0 ../output/GPIO_002/lvq_startup_stm32f401.o
                0x08000000                vectors
 *(.text)
 .text          0x080001c0      0x624 ../output/GPIO_002/lvq_stm32f4_gpio.o
                0x080001c0                LVQ_GPIO_Init
                0x08000206                LVQ_GPIO_InitAlternate
                0x080002ae                LVQ_GPIO_EnableClock
                0x08000364                LVQ_GPIO_Config
                0x08000474                LVQ_GPIO_DeInit
                0x080004f4                LVQ_GPIO_SetPinAsInput
                0x08000544                LVQ_GPIO_SetPinAsOutput
                0x080005a0                LVQ_GPIO_SetPinAsAnalog
                0x080005ee                LVQ_GPIO_SetPinAsAlternate
                0x0800064e                LVQ_GPIO_SetPullResistor
                0x080006b2                LVQ_GPIO_Lock
                0x080006ea                LVQ_GPIO_GetPinSource
                0x08000718                LVQ_GPIO_GetPortSource
                0x08000738                LVQ_GPIO_INT_EnableClock
                0x08000768                LVQ_GPIO_INT_DisableClock
                0x08000798                LVQ_GPIO_GetUsedPins
                0x080007bc                LVQ_GPIO_GetFreePins
 .text          0x080007e4       0x6c ../output/GPIO_002/GPIO_TS_002.o
                0x080007e4                delay_200ms
                0x08000830                main
 .text          0x08000850       0x8c ../output/GPIO_002/GPIO_TC_002.o
                0x08000850                delay
                0x0800087c                gpio_TC_002
 .text          0x080008dc       0xb0 ../output/GPIO_002/lvq_stm32f4_rccConfig.o
                0x080008dc                SysClockConfig
 .text          0x0800098c      0x5f4 ../output/GPIO_002/lvq_startup_stm32f401.o
                0x0800098c                __libc_init_array
                0x080009fc                _write
                0x08000a44                Delay
                0x08000a64                Reset_Handler
                0x08000b04                Default_Handler
                0x08000b0a                NMI_Handler
                0x08000b10                HardFault_Handler
                0x08000b16                MemManage_Handler
                0x08000b1c                BusFault_Handler
                0x08000b22                UsageFault_Handler
                0x08000b28                SVC_Handler
                0x08000b2e                DebugMon_Handler
                0x08000b34                PendSV_Handler
                0x08000b3a                SysTick_Handler
                0x08000b46                WWDG_IRQHandler
                0x08000b52                PVD_IRQHandler
                0x08000b5e                TAMP_STAMP_IRQHandler
                0x08000b6a                RTC_WKUP_IRQHandler
                0x08000b76                FLASH_IRQHandler
                0x08000b82                RCC_IRQHandler
                0x08000b8e                EXTI0_IRQHandler
                0x08000b9a                EXTI1_IRQHandler
                0x08000ba6                EXTI2_IRQHandler
                0x08000bb2                EXTI3_IRQHandler
                0x08000bbe                EXTI4_IRQHandler
                0x08000bca                DMA1_Stream0_IRQHandler
                0x08000bd6                DMA1_Stream1_IRQHandler
                0x08000be2                DMA1_Stream2_IRQHandler
                0x08000bee                DMA1_Stream3_IRQHandler
                0x08000bfa                DMA1_Stream4_IRQHandler
                0x08000c06                DMA1_Stream5_IRQHandler
                0x08000c12                DMA1_Stream6_IRQHandler
                0x08000c1e                ADC_IRQHandler
                0x08000c2a                CAN1_TX_IRQHandler
                0x08000c36                CAN1_RX0_IRQHandler
                0x08000c42                CAN1_RX1_IRQHandler
                0x08000c4e                CAN1_SCE_IRQHandler
                0x08000c5a                EXTI9_5_IRQHandler
                0x08000c66                TIM1_BRK_TIM9_IRQHandler
                0x08000c72                TIM1_UP_TIM10_IRQHandler
                0x08000c7e                TIM1_TRG_COM_TIM11_IRQHandler
                0x08000c8a                TIM1_CC_IRQHandler
                0x08000c96                TIM2_IRQHandler
                0x08000ca2                TIM3_IRQHandler
                0x08000cae                TIM4_IRQHandler
                0x08000cba                I2C1_EV_IRQHandler
                0x08000cc6                I2C1_ER_IRQHandler
                0x08000cd2                I2C2_EV_IRQHandler
                0x08000cde                I2C2_ER_IRQHandler
                0x08000cea                SPI1_IRQHandler
                0x08000cf6                SPI2_IRQHandler
                0x08000d02                USART1_IRQHandler
                0x08000d0e                USART2_IRQHandler
                0x08000d1a                USART3_IRQHandler
                0x08000d26                EXTI15_10_IRQHandler
                0x08000d32                RTC_Alarm_IRQHandler
                0x08000d3e                OTG_FS_WKUP_IRQHandler
                0x08000d4a                TIM8_BRK_TIM12_IRQHandler
                0x08000d56                TIM8_UP_TIM13_IRQHandler
                0x08000d62                TIM8_TRG_COM_TIM14_IRQHandler
                0x08000d6e                TIM8_CC_IRQHandler
                0x08000d7a                DMA1_Stream7_IRQHandler
                0x08000d86                FMC_IRQHandler
                0x08000d92                SDIO_IRQHandler
                0x08000d9e                TIM5_IRQHandler
                0x08000daa                SPI3_IRQHandler
                0x08000db6                UART4_IRQHandler
                0x08000dc2                UART5_IRQHandler
                0x08000dce                TIM6_DAC_IRQHandler
                0x08000dda                TIM7_IRQHandler
                0x08000de6                DMA2_Stream0_IRQHandler
                0x08000df2                DMA2_Stream1_IRQHandler
                0x08000dfe                DMA2_Stream2_IRQHandler
                0x08000e0a                DMA2_Stream3_IRQHandler
                0x08000e16                DMA2_Stream4_IRQHandler
                0x08000e22                ETH_IRQHandler
                0x08000e2e                ETH_WKUP_IRQHandler
                0x08000e3a                CAN2_TX_IRQHandler
                0x08000e46                CAN2_RX0_IRQHandler
                0x08000e52                CAN2_RX1_IRQHandler
                0x08000e5e                CAN2_SCE_IRQHandler
                0x08000e6a                OTG_FS_IRQHandler
                0x08000e76                DMA2_Stream5_IRQHandler
                0x08000e82                DMA2_Stream6_IRQHandler
                0x08000e8e                DMA2_Stream7_IRQHandler
                0x08000e9a                USART6_IRQHandler
                0x08000ea6                I2C3_EV_IRQHandler
                0x08000eb2                I2C3_ER_IRQHandler
                0x08000ebe                OTG_HS_EP1_OUT_IRQHandler
                0x08000eca                OTG_HS_EP1_IN_IRQHandler
                0x08000ed6                OTG_HS_WKUP_IRQHandler
                0x08000ee2                OTG_HS_IRQHandler
                0x08000eee                DCMI_IRQHandler
                0x08000efa                CRYP_IRQHandler
                0x08000f06                HASH_RNG_IRQHandler
                0x08000f12                FPU_IRQHandler
                0x08000f1e                SPI4_IRQHandler
                0x08000f2a                SAI1_IRQHandler
                0x08000f36                SAI2_IRQHandler
                0x08000f42                QUADSPI_IRQHandler
                0x08000f4e                CEC_IRQHandler
                0x08000f5a                SPDIF_RX_IRQHandler
                0x08000f66                FMPI2C1_Event_IRQHandler
                0x08000f72                FMPI2C1_Error_IRQHandler
 .text          0x08000f80       0x2c ../output/GPIO_002/result.o
                0x08000f80                CHECK_RESULT
 *(.text*)

.glue_7         0x08000fac        0x0
 .glue_7        0x08000fac        0x0 linker stubs

.glue_7t        0x08000fac        0x0
 .glue_7t       0x08000fac        0x0 linker stubs

.vfp11_veneer   0x08000fac        0x0
 .vfp11_veneer  0x08000fac        0x0 linker stubs

.v4_bx          0x08000fac        0x0
 .v4_bx         0x08000fac        0x0 linker stubs

.iplt           0x08000fac        0x0
 .iplt          0x08000fac        0x0 ../output/GPIO_002/lvq_stm32f4_gpio.o

.rel.dyn        0x08000fac        0x0
 .rel.iplt      0x08000fac        0x0 ../output/GPIO_002/lvq_stm32f4_gpio.o

.rodata         0x08000fac        0x0
 *(.rodata)
 *(.rodata*)
                0x08000fac                . = ALIGN (0x4)
                0x08000fac                _etext = .

.preinit_array  0x08000fac        0x0
                0x08000fac                . = ALIGN (0x4)
                0x08000fac                PROVIDE (__preinit_array_start = .)
 *(.preinit_array*)
                0x08000fac                PROVIDE (__preinit_array_end = .)
                0x08000fac                . = ALIGN (0x4)

.init_array     0x08000fac        0x0
                0x08000fac                . = ALIGN (0x4)
                0x08000fac                PROVIDE (__init_array_start = .)
 *(SORT_BY_NAME(.init_array.*))
 *(.init_array*)
                0x08000fac                PROVIDE (__init_array_end = .)
                0x08000fac                . = ALIGN (0x4)

.fini_array     0x08000fac        0x0
                0x08000fac                . = ALIGN (0x4)
                [!provide]                PROVIDE (__fini_array_start = .)
 *(SORT_BY_NAME(.fini_array.*))
 *(.fini_array*)
                [!provide]                PROVIDE (__fini_array_end = .)
                0x08000fac                . = ALIGN (0x4)
                0x08000fac                _la_data = LOADADDR (.data)

.data           0x20000008        0x8 load address 0x08000fac
                0x20000008                _sdata = .
 *(.data)
 .data          0x20000008        0x0 ../output/GPIO_002/lvq_stm32f4_gpio.o
 .data          0x20000008        0x6 ../output/GPIO_002/GPIO_TS_002.o
                0x20000008                b
                0x2000000c                k
 .data          0x2000000e        0x0 ../output/GPIO_002/GPIO_TC_002.o
 .data          0x2000000e        0x0 ../output/GPIO_002/lvq_stm32f4_rccConfig.o
 .data          0x2000000e        0x0 ../output/GPIO_002/lvq_startup_stm32f401.o
 .data          0x2000000e        0x0 ../output/GPIO_002/result.o
 *(.data*)
                0x20000010                . = ALIGN (0x4)
 *fill*         0x2000000e        0x2 
                0x20000010                _edata = .
                0x00000008                data_size = SIZEOF (.data)

.igot.plt       0x20000010        0x0 load address 0x08000fb4
 .igot.plt      0x20000010        0x0 ../output/GPIO_002/lvq_stm32f4_gpio.o

.bss            0x20000010       0x24 load address 0x08000fb4
                0x20000010                _sbss = .
 *(.bss)
 .bss           0x20000010       0x16 ../output/GPIO_002/lvq_stm32f4_gpio.o
 *fill*         0x20000026        0x2 
 .bss           0x20000028        0xa ../output/GPIO_002/GPIO_TS_002.o
                0x20000028                a
 .bss           0x20000032        0x0 ../output/GPIO_002/GPIO_TC_002.o
 .bss           0x20000032        0x0 ../output/GPIO_002/lvq_stm32f4_rccConfig.o
 .bss           0x20000032        0x0 ../output/GPIO_002/lvq_startup_stm32f401.o
 .bss           0x20000032        0x0 ../output/GPIO_002/result.o
 *(.bss*)
 *(COMMON)
                0x20000034                . = ALIGN (0x4)
 *fill*         0x20000032        0x2 
                0x20000034                _ebss = .

.result         0x20000004        0x4
 *(.result)
 .result        0x20000004        0x4 ../output/GPIO_002/result.o
                0x20000004                u32RESULT

.debug          0x20000000        0x4
 *(.debug)
 .debug         0x20000000        0x4 ../output/GPIO_002/result.o
                0x20000000                u32DEBUG

._user_heap_stack
                0x20000034      0x604 load address 0x08000fd8
                0x20000038                . = ALIGN (0x8)
 *fill*         0x20000034        0x4 
                [!provide]                PROVIDE (end = .)
                [!provide]                PROVIDE (_end = .)
                0x20000238                . = (. + _Min_Heap_Size)
 *fill*         0x20000038      0x200 
                0x20000638                . = (. + _Min_Stack_Size)
 *fill*         0x20000238      0x400 
                0x20000638                . = ALIGN (0x8)
                0x20010000                _estack = (ORIGIN (RAM) + LENGTH (RAM))
LOAD ../output/GPIO_002/lvq_stm32f4_gpio.o
LOAD ../output/GPIO_002/GPIO_TS_002.o
LOAD ../output/GPIO_002/GPIO_TC_002.o
LOAD ../output/GPIO_002/lvq_stm32f4_rccConfig.o
LOAD ../output/GPIO_002/lvq_startup_stm32f401.o
LOAD ../output/GPIO_002/result.o
OUTPUT(../output/GPIO_002/GPIO.elf elf32-littlearm)
LOAD linker stubs

.debug_info     0x00000000     0x1d1e
 .debug_info    0x00000000      0x8e0 ../output/GPIO_002/lvq_stm32f4_gpio.o
 .debug_info    0x000008e0      0x20b ../output/GPIO_002/GPIO_TS_002.o
 .debug_info    0x00000aeb      0x24a ../output/GPIO_002/GPIO_TC_002.o
 .debug_info    0x00000d35      0x349 ../output/GPIO_002/lvq_stm32f4_rccConfig.o
 .debug_info    0x0000107e      0xc22 ../output/GPIO_002/lvq_startup_stm32f401.o
 .debug_info    0x00001ca0       0x7e ../output/GPIO_002/result.o

.debug_abbrev   0x00000000      0x63b
 .debug_abbrev  0x00000000      0x178 ../output/GPIO_002/lvq_stm32f4_gpio.o
 .debug_abbrev  0x00000178       0xf5 ../output/GPIO_002/GPIO_TS_002.o
 .debug_abbrev  0x0000026d       0xfe ../output/GPIO_002/GPIO_TC_002.o
 .debug_abbrev  0x0000036b       0xac ../output/GPIO_002/lvq_stm32f4_rccConfig.o
 .debug_abbrev  0x00000417      0x1c7 ../output/GPIO_002/lvq_startup_stm32f401.o
 .debug_abbrev  0x000005de       0x5d ../output/GPIO_002/result.o

.debug_aranges  0x00000000       0xc0
 .debug_aranges
                0x00000000       0x20 ../output/GPIO_002/lvq_stm32f4_gpio.o
 .debug_aranges
                0x00000020       0x20 ../output/GPIO_002/GPIO_TS_002.o
 .debug_aranges
                0x00000040       0x20 ../output/GPIO_002/GPIO_TC_002.o
 .debug_aranges
                0x00000060       0x20 ../output/GPIO_002/lvq_stm32f4_rccConfig.o
 .debug_aranges
                0x00000080       0x20 ../output/GPIO_002/lvq_startup_stm32f401.o
 .debug_aranges
                0x000000a0       0x20 ../output/GPIO_002/result.o

.debug_line     0x00000000      0xe7e
 .debug_line    0x00000000      0x487 ../output/GPIO_002/lvq_stm32f4_gpio.o
 .debug_line    0x00000487      0x174 ../output/GPIO_002/GPIO_TS_002.o
 .debug_line    0x000005fb      0x19d ../output/GPIO_002/GPIO_TC_002.o
 .debug_line    0x00000798      0x17e ../output/GPIO_002/lvq_stm32f4_rccConfig.o
 .debug_line    0x00000916      0x51e ../output/GPIO_002/lvq_startup_stm32f401.o
 .debug_line    0x00000e34       0x4a ../output/GPIO_002/result.o

.debug_str      0x00000000      0xf9c
 .debug_str     0x00000000      0x585 ../output/GPIO_002/lvq_stm32f4_gpio.o
                                0x5e2 (size before relaxing)
 .debug_str     0x00000585       0x4c ../output/GPIO_002/GPIO_TS_002.o
                                0x1e3 (size before relaxing)
 .debug_str     0x000005d1       0x58 ../output/GPIO_002/GPIO_TC_002.o
                                0x2e7 (size before relaxing)
 .debug_str     0x00000629       0x5c ../output/GPIO_002/lvq_stm32f4_rccConfig.o
                                0x2c1 (size before relaxing)
 .debug_str     0x00000685      0x8e8 ../output/GPIO_002/lvq_startup_stm32f401.o
                                0xa54 (size before relaxing)
 .debug_str     0x00000f6d       0x2f ../output/GPIO_002/result.o
                                 0xd6 (size before relaxing)

.comment        0x00000000       0x49
 .comment       0x00000000       0x49 ../output/GPIO_002/lvq_stm32f4_gpio.o
                                 0x4a (size before relaxing)
 .comment       0x00000049       0x4a ../output/GPIO_002/GPIO_TS_002.o
 .comment       0x00000049       0x4a ../output/GPIO_002/GPIO_TC_002.o
 .comment       0x00000049       0x4a ../output/GPIO_002/lvq_stm32f4_rccConfig.o
 .comment       0x00000049       0x4a ../output/GPIO_002/lvq_startup_stm32f401.o
 .comment       0x00000049       0x4a ../output/GPIO_002/result.o

.ARM.attributes
                0x00000000       0x2e
 .ARM.attributes
                0x00000000       0x2e ../output/GPIO_002/lvq_stm32f4_gpio.o
 .ARM.attributes
                0x0000002e       0x2e ../output/GPIO_002/GPIO_TS_002.o
 .ARM.attributes
                0x0000005c       0x2e ../output/GPIO_002/GPIO_TC_002.o
 .ARM.attributes
                0x0000008a       0x2e ../output/GPIO_002/lvq_stm32f4_rccConfig.o
 .ARM.attributes
                0x000000b8       0x2e ../output/GPIO_002/lvq_startup_stm32f401.o
 .ARM.attributes
                0x000000e6       0x2e ../output/GPIO_002/result.o

.debug_frame    0x00000000     0x1090
 .debug_frame   0x00000000      0x298 ../output/GPIO_002/lvq_stm32f4_gpio.o
 .debug_frame   0x00000298       0x54 ../output/GPIO_002/GPIO_TS_002.o
 .debug_frame   0x000002ec       0x5c ../output/GPIO_002/GPIO_TC_002.o
 .debug_frame   0x00000348       0x30 ../output/GPIO_002/lvq_stm32f4_rccConfig.o
 .debug_frame   0x00000378      0xce0 ../output/GPIO_002/lvq_startup_stm32f401.o
 .debug_frame   0x00001058       0x38 ../output/GPIO_002/result.o
